Archive member included to satisfy reference by file (symbol)

c:/users/user/appdata/roaming/code/user/globalstorage/bmd.stm32-for-vscode/@xpack-dev-tools/arm-none-eabi-gcc/10.2.1-1.1.2/.content/bin/../lib/gcc/arm-none-eabi/10.2.1/../../../../arm-none-eabi/lib/thumb/v7-m/nofp\libc.a(lib_a-exit.o)
                              c:/users/user/appdata/roaming/code/user/globalstorage/bmd.stm32-for-vscode/@xpack-dev-tools/arm-none-eabi-gcc/10.2.1-1.1.2/.content/bin/../lib/gcc/arm-none-eabi/10.2.1/../../../../arm-none-eabi/lib/thumb/v7-m/nofp/crt0.o (exit)
c:/users/user/appdata/roaming/code/user/globalstorage/bmd.stm32-for-vscode/@xpack-dev-tools/arm-none-eabi-gcc/10.2.1-1.1.2/.content/bin/../lib/gcc/arm-none-eabi/10.2.1/../../../../arm-none-eabi/lib/thumb/v7-m/nofp\libc.a(lib_a-impure.o)
                              c:/users/user/appdata/roaming/code/user/globalstorage/bmd.stm32-for-vscode/@xpack-dev-tools/arm-none-eabi-gcc/10.2.1-1.1.2/.content/bin/../lib/gcc/arm-none-eabi/10.2.1/../../../../arm-none-eabi/lib/thumb/v7-m/nofp\libc.a(lib_a-exit.o) (_global_impure_ptr)
c:/users/user/appdata/roaming/code/user/globalstorage/bmd.stm32-for-vscode/@xpack-dev-tools/arm-none-eabi-gcc/10.2.1-1.1.2/.content/bin/../lib/gcc/arm-none-eabi/10.2.1/../../../../arm-none-eabi/lib/thumb/v7-m/nofp\libc.a(lib_a-init.o)
                              c:/users/user/appdata/roaming/code/user/globalstorage/bmd.stm32-for-vscode/@xpack-dev-tools/arm-none-eabi-gcc/10.2.1-1.1.2/.content/bin/../lib/gcc/arm-none-eabi/10.2.1/../../../../arm-none-eabi/lib/thumb/v7-m/nofp/crt0.o (__libc_init_array)
c:/users/user/appdata/roaming/code/user/globalstorage/bmd.stm32-for-vscode/@xpack-dev-tools/arm-none-eabi-gcc/10.2.1-1.1.2/.content/bin/../lib/gcc/arm-none-eabi/10.2.1/../../../../arm-none-eabi/lib/thumb/v7-m/nofp\libc.a(lib_a-memmove.o)
                              build/stat.o (memmove)
c:/users/user/appdata/roaming/code/user/globalstorage/bmd.stm32-for-vscode/@xpack-dev-tools/arm-none-eabi-gcc/10.2.1-1.1.2/.content/bin/../lib/gcc/arm-none-eabi/10.2.1/../../../../arm-none-eabi/lib/thumb/v7-m/nofp\libc.a(lib_a-memset.o)
                              c:/users/user/appdata/roaming/code/user/globalstorage/bmd.stm32-for-vscode/@xpack-dev-tools/arm-none-eabi-gcc/10.2.1-1.1.2/.content/bin/../lib/gcc/arm-none-eabi/10.2.1/../../../../arm-none-eabi/lib/thumb/v7-m/nofp/crt0.o (memset)
c:/users/user/appdata/roaming/code/user/globalstorage/bmd.stm32-for-vscode/@xpack-dev-tools/arm-none-eabi-gcc/10.2.1-1.1.2/.content/bin/../lib/gcc/arm-none-eabi/10.2.1/../../../../arm-none-eabi/lib/thumb/v7-m/nofp\libc.a(lib_a-__call_atexit.o)
                              c:/users/user/appdata/roaming/code/user/globalstorage/bmd.stm32-for-vscode/@xpack-dev-tools/arm-none-eabi-gcc/10.2.1-1.1.2/.content/bin/../lib/gcc/arm-none-eabi/10.2.1/../../../../arm-none-eabi/lib/thumb/v7-m/nofp\libc.a(lib_a-exit.o) (__call_exitprocs)
c:/users/user/appdata/roaming/code/user/globalstorage/bmd.stm32-for-vscode/@xpack-dev-tools/arm-none-eabi-gcc/10.2.1-1.1.2/.content/bin/../lib/gcc/arm-none-eabi/10.2.1/../../../../arm-none-eabi/lib/thumb/v7-m/nofp\libc.a(lib_a-fini.o)
                              c:/users/user/appdata/roaming/code/user/globalstorage/bmd.stm32-for-vscode/@xpack-dev-tools/arm-none-eabi-gcc/10.2.1-1.1.2/.content/bin/../lib/gcc/arm-none-eabi/10.2.1/../../../../arm-none-eabi/lib/thumb/v7-m/nofp\libc.a(lib_a-__call_atexit.o) (__libc_fini_array)
c:/users/user/appdata/roaming/code/user/globalstorage/bmd.stm32-for-vscode/@xpack-dev-tools/arm-none-eabi-gcc/10.2.1-1.1.2/.content/bin/../lib/gcc/arm-none-eabi/10.2.1/../../../../arm-none-eabi/lib/thumb/v7-m/nofp\libc.a(lib_a-lock.o)
                              c:/users/user/appdata/roaming/code/user/globalstorage/bmd.stm32-for-vscode/@xpack-dev-tools/arm-none-eabi-gcc/10.2.1-1.1.2/.content/bin/../lib/gcc/arm-none-eabi/10.2.1/../../../../arm-none-eabi/lib/thumb/v7-m/nofp\libc.a(lib_a-__call_atexit.o) (__retarget_lock_acquire_recursive)
c:/users/user/appdata/roaming/code/user/globalstorage/bmd.stm32-for-vscode/@xpack-dev-tools/arm-none-eabi-gcc/10.2.1-1.1.2/.content/bin/../lib/gcc/arm-none-eabi/10.2.1/../../../../arm-none-eabi/lib/thumb/v7-m/nofp\libc.a(lib_a-atexit.o)
                              c:/users/user/appdata/roaming/code/user/globalstorage/bmd.stm32-for-vscode/@xpack-dev-tools/arm-none-eabi-gcc/10.2.1-1.1.2/.content/bin/../lib/gcc/arm-none-eabi/10.2.1/../../../../arm-none-eabi/lib/thumb/v7-m/nofp\libc.a(lib_a-__call_atexit.o) (atexit)
c:/users/user/appdata/roaming/code/user/globalstorage/bmd.stm32-for-vscode/@xpack-dev-tools/arm-none-eabi-gcc/10.2.1-1.1.2/.content/bin/../lib/gcc/arm-none-eabi/10.2.1/../../../../arm-none-eabi/lib/thumb/v7-m/nofp\libc.a(lib_a-__atexit.o)
[...]
Memory Configuration

Name             Origin             Length             Attributes
RAM              0x0000000020000000 0x0000000000005000 xrw
FLASH            0x0000000008000000 0x0000000000010000 xr
*default*        0x0000000000000000 0xffffffffffffffff

Linker script and memory map

LOAD c:/users/user/appdata/roaming/code/user/globalstorage/bmd.stm32-for-vscode/@xpack-dev-tools/arm-none-eabi-gcc/10.2.1-1.1.2/.content/bin/../lib/gcc/arm-none-eabi/10.2.1/thumb/v7-m/nofp/crti.o
LOAD c:/users/user/appdata/roaming/code/user/globalstorage/bmd.stm32-for-vscode/@xpack-dev-tools/arm-none-eabi-gcc/10.2.1-1.1.2/.content/bin/../lib/gcc/arm-none-eabi/10.2.1/thumb/v7-m/nofp/crtbegin.o
LOAD c:/users/user/appdata/roaming/code/user/globalstorage/bmd.stm32-for-vscode/@xpack-dev-tools/arm-none-eabi-gcc/10.2.1-1.1.2/.content/bin/../lib/gcc/arm-none-eabi/10.2.1/../../../../arm-none-eabi/lib/thumb/v7-m/nofp/crt0.o
LOAD build/Detector.o
LOAD build/FindX.o
LOAD build/StatPM.o
LOAD build/stat.o
LOAD build/NOS_ModBus.o
LOAD build/main.o
LOAD build/stm32f1xx_hal_msp.o
LOAD build/stm32f1xx_it.o
LOAD build/system_stm32f1xx.o
LOAD build/stm32f1xx_hal.o
LOAD build/stm32f1xx_hal_adc.o
LOAD build/stm32f1xx_hal_adc_ex.o
LOAD build/stm32f1xx_hal_cortex.o
LOAD build/stm32f1xx_hal_dma.o
LOAD build/stm32f1xx_hal_exti.o
LOAD build/stm32f1xx_hal_flash.o
LOAD build/stm32f1xx_hal_flash_ex.o
LOAD build/stm32f1xx_hal_gpio.o
LOAD build/stm32f1xx_hal_gpio_ex.o
LOAD build/stm32f1xx_hal_iwdg.o
LOAD build/stm32f1xx_hal_pwr.o
LOAD build/stm32f1xx_hal_rcc.o
LOAD build/stm32f1xx_hal_rcc_ex.o
LOAD build/stm32f1xx_hal_tim.o
LOAD build/stm32f1xx_hal_tim_ex.o
LOAD build/stm32f1xx_hal_uart.o
LOAD build/startup_stm32f103xb.o
LOAD c:/users/user/appdata/roaming/code/user/globalstorage/bmd.stm32-for-vscode/@xpack-dev-tools/arm-none-eabi-gcc/10.2.1-1.1.2/.content/bin/../lib/gcc/arm-none-eabi/10.2.1/../../../../arm-none-eabi/lib/thumb/v7-m/nofp\libc.a
LOAD c:/users/user/appdata/roaming/code/user/globalstorage/bmd.stm32-for-vscode/@xpack-dev-tools/arm-none-eabi-gcc/10.2.1-1.1.2/.content/bin/../lib/gcc/arm-none-eabi/10.2.1/../../../../arm-none-eabi/lib/thumb/v7-m/nofp\libm.a
LOAD c:/users/user/appdata/roaming/code/user/globalstorage/bmd.stm32-for-vscode/@xpack-dev-tools/arm-none-eabi-gcc/10.2.1-1.1.2/.content/bin/../lib/gcc/arm-none-eabi/10.2.1/../../../../arm-none-eabi/lib/thumb/v7-m/nofp\libnosys.a
START GROUP
LOAD c:/users/user/appdata/roaming/code/user/globalstorage/bmd.stm32-for-vscode/@xpack-dev-tools/arm-none-eabi-gcc/10.2.1-1.1.2/.content/bin/../lib/gcc/arm-none-eabi/10.2.1/thumb/v7-m/nofp\libgcc.a
LOAD c:/users/user/appdata/roaming/code/user/globalstorage/bmd.stm32-for-vscode/@xpack-dev-tools/arm-none-eabi-gcc/10.2.1-1.1.2/.content/bin/../lib/gcc/arm-none-eabi/10.2.1/../../../../arm-none-eabi/lib/thumb/v7-m/nofp\libc.a
END GROUP
START GROUP
LOAD c:/users/user/appdata/roaming/code/user/globalstorage/bmd.stm32-for-vscode/@xpack-dev-tools/arm-none-eabi-gcc/10.2.1-1.1.2/.content/bin/../lib/gcc/arm-none-eabi/10.2.1/thumb/v7-m/nofp\libgcc.a
LOAD c:/users/user/appdata/roaming/code/user/globalstorage/bmd.stm32-for-vscode/@xpack-dev-tools/arm-none-eabi-gcc/10.2.1-1.1.2/.content/bin/../lib/gcc/arm-none-eabi/10.2.1/../../../../arm-none-eabi/lib/thumb/v7-m/nofp\libc.a
LOAD c:/users/user/appdata/roaming/code/user/globalstorage/bmd.stm32-for-vscode/@xpack-dev-tools/arm-none-eabi-gcc/10.2.1-1.1.2/.content/bin/../lib/gcc/arm-none-eabi/10.2.1/../../../../arm-none-eabi/lib/thumb/v7-m/nofp\libnosys.a
END GROUP
LOAD c:/users/user/appdata/roaming/code/user/globalstorage/bmd.stm32-for-vscode/@xpack-dev-tools/arm-none-eabi-gcc/10.2.1-1.1.2/.content/bin/../lib/gcc/arm-none-eabi/10.2.1/thumb/v7-m/nofp/crtend.o
LOAD c:/users/user/appdata/roaming/code/user/globalstorage/bmd.stm32-for-vscode/@xpack-dev-tools/arm-none-eabi-gcc/10.2.1-1.1.2/.content/bin/../lib/gcc/arm-none-eabi/10.2.1/thumb/v7-m/nofp/crtn.o
                0x0000000020005000                _estack = 0x20005000
                0x0000000000000200                _Min_Heap_Size = 0x200
                0x0000000000000400                _Min_Stack_Size = 0x400

.isr_vector     0x0000000008000000      0x10c
                0x0000000008000000                . = ALIGN (0x4)
 *(.isr_vector)
 .isr_vector    0x0000000008000000      0x10c build/startup_stm32f103xb.o
                0x0000000008000000                g_pfnVectors
                0x000000000800010c                . = ALIGN (0x4)

.text           0x0000000008000110     0x48ec
                0x0000000008000110                . = ALIGN (0x4)
 *(.text)
 .text          0x0000000008000110      0x378 c:/users/user/appdata/roaming/code/user/globalstorage/bmd.stm32-for-vscode/@xpack-dev-tools/arm-none-eabi-gcc/10.2.1-1.1.2/.content/bin/../lib/gcc/arm-none-eabi/10.2.1/thumb/v7-m/nofp\libgcc.a(_arm_addsubdf3.o)
                0x0000000008000110                __aeabi_drsub
                0x0000000008000118                __aeabi_dsub
                0x0000000008000118                __subdf3
                0x000000000800011c                __aeabi_dadd
                0x000000000800011c                __adddf3
                0x0000000008000394                __floatunsidf
                0x0000000008000394                __aeabi_ui2d
                0x00000000080003b4                __floatsidf
                0x00000000080003b4                __aeabi_i2d
                0x00000000080003d8                __aeabi_f2d
                0x00000000080003d8                __extendsfdf2
                0x000000000800041c                __floatundidf
                0x000000000800041c                __aeabi_ul2d
                0x000000000800042c                __floatdidf
                0x000000000800042c                __aeabi_l2d
 .text          0x0000000008000488      0x424 c:/users/user/appdata/roaming/code/user/globalstorage/bmd.stm32-for-vscode/@xpack-dev-tools/arm-none-eabi-gcc/10.2.1-1.1.2/.content/bin/../lib/gcc/arm-none-eabi/10.2.1/thumb/v7-m/nofp\libgcc.a(_arm_muldivdf3.o)
                0x0000000008000488                __aeabi_dmul
                0x0000000008000488                __muldf3
                0x00000000080006dc                __divdf3
                0x00000000080006dc                __aeabi_ddiv
 .text          0x00000000080008ac      0x110 c:/users/user/appdata/roaming/code/user/globalstorage/bmd.stm32-for-vscode/@xpack-dev-tools/arm-none-eabi-gcc/10.2.1-1.1.2/.content/bin/../lib/gcc/arm-none-eabi/10.2.1/thumb/v7-m/nofp\libgcc.a(_arm_cmpdf2.o)
                0x00000000080008ac                __gtdf2
                0x00000000080008ac                __gedf2
                0x00000000080008b4                __ltdf2
                0x00000000080008b4                __ledf2
                0x00000000080008bc                __nedf2
                0x00000000080008bc                __eqdf2
                0x00000000080008bc                __cmpdf2
                0x0000000008000938                __aeabi_cdrcmple
                0x0000000008000948                __aeabi_cdcmpeq
                0x0000000008000948                __aeabi_cdcmple
                0x0000000008000958                __aeabi_dcmpeq
                0x000000000800096c                __aeabi_dcmplt
                0x0000000008000980                __aeabi_dcmple
                0x0000000008000994                __aeabi_dcmpge
                0x00000000080009a8                __aeabi_dcmpgt
 .text          0x00000000080009bc       0xa0 c:/users/user/appdata/roaming/code/user/globalstorage/bmd.stm32-for-vscode/@xpack-dev-tools/arm-none-eabi-gcc/10.2.1-1.1.2/.content/bin/../lib/gcc/arm-none-eabi/10.2.1/thumb/v7-m/nofp\libgcc.a(_arm_truncdfsf2.o)
                0x00000000080009bc                __truncdfsf2
                0x00000000080009bc                __aeabi_d2f
 .text          0x0000000008000a5c      0x21c c:/users/user/appdata/roaming/code/user/globalstorage/bmd.stm32-for-vscode/@xpack-dev-tools/arm-none-eabi-gcc/10.2.1-1.1.2/.content/bin/../lib/gcc/arm-none-eabi/10.2.1/thumb/v7-m/nofp\libgcc.a(_arm_addsubsf3.o)
                0x0000000008000a5c                __aeabi_frsub
                0x0000000008000a64                __subsf3
                0x0000000008000a64                __aeabi_fsub
                0x0000000008000a68                __aeabi_fadd
                0x0000000008000a68                __addsf3
                0x0000000008000bc8                __aeabi_ui2f
                0x0000000008000bc8                __floatunsisf
                0x0000000008000bd0                __aeabi_i2f
                0x0000000008000bd0                __floatsisf
                0x0000000008000bec                __aeabi_ul2f
                0x0000000008000bec                __floatundisf
                0x0000000008000bfc                __aeabi_l2f
                0x0000000008000bfc                __floatdisf
 .text          0x0000000008000c78      0x2a0 c:/users/user/appdata/roaming/code/user/globalstorage/bmd.stm32-for-vscode/@xpack-dev-tools/arm-none-eabi-gcc/10.2.1-1.1.2/.content/bin/../lib/gcc/arm-none-eabi/10.2.1/thumb/v7-m/nofp\libgcc.a(_arm_muldivsf3.o)
                0x0000000008000c78                __mulsf3
                0x0000000008000c78                __aeabi_fmul
                0x0000000008000de0                __aeabi_fdiv
                0x0000000008000de0                __divsf3
 .text          0x0000000008000f18       0xec c:/users/user/appdata/roaming/code/user/globalstorage/bmd.stm32-for-vscode/@xpack-dev-tools/arm-none-eabi-gcc/10.2.1-1.1.2/.content/bin/../lib/gcc/arm-none-eabi/10.2.1/thumb/v7-m/nofp\libgcc.a(_arm_cmpsf2.o)
                0x0000000008000f18                __gesf2
                0x0000000008000f18                __gtsf2
                0x0000000008000f20                __lesf2
                0x0000000008000f20                __ltsf2
                0x0000000008000f28                __nesf2
                0x0000000008000f28                __eqsf2
                0x0000000008000f28                __cmpsf2
                0x0000000008000f88                __aeabi_cfrcmple
                0x0000000008000f90                __aeabi_cfcmpeq
                0x0000000008000f90                __aeabi_cfcmple
                0x0000000008000fa0                __aeabi_fcmpeq
                0x0000000008000fb4                __aeabi_fcmplt
                0x0000000008000fc8                __aeabi_fcmple
                0x0000000008000fdc                __aeabi_fcmpge
                0x0000000008000ff0                __aeabi_fcmpgt
 .text          0x0000000008001004       0x40 c:/users/user/appdata/roaming/code/user/globalstorage/bmd.stm32-for-vscode/@xpack-dev-tools/arm-none-eabi-gcc/10.2.1-1.1.2/.content/bin/../lib/gcc/arm-none-eabi/10.2.1/thumb/v7-m/nofp\libgcc.a(_arm_fixunssfsi.o)
                0x0000000008001004                __fixunssfsi
                0x0000000008001004                __aeabi_f2uiz
 .text          0x0000000008001044      0x1ac c:/users/user/appdata/roaming/code/user/globalstorage/bmd.stm32-for-vscode/@xpack-dev-tools/arm-none-eabi-gcc/10.2.1-1.1.2/.content/bin/../lib/gcc/arm-none-eabi/10.2.1/thumb/v7-m/nofp\libgcc.a(libunwind.o)
                0x0000000008001044                __restore_core_regs
                0x0000000008001044                restore_core_regs
                0x000000000800105c                __gnu_Unwind_Restore_VFP
                0x0000000008001064                __gnu_Unwind_Save_VFP
                0x000000000800106c                __gnu_Unwind_Restore_VFP_D
                0x0000000008001074                __gnu_Unwind_Save_VFP_D
                0x000000000800107c                __gnu_Unwind_Restore_VFP_D_16_to_31
                0x0000000008001084                __gnu_Unwind_Save_VFP_D_16_to_31
                0x000000000800108c                __gnu_Unwind_Restore_WMMXD
                0x00000000080010d0                __gnu_Unwind_Save_WMMXD
                0x0000000008001114                __gnu_Unwind_Restore_WMMXC
                0x0000000008001128                __gnu_Unwind_Save_WMMXC
                0x000000000800113c                ___Unwind_RaiseException
                0x000000000800113c                _Unwind_RaiseException
                0x0000000008001160                _Unwind_Resume
                0x0000000008001160                ___Unwind_Resume
                0x0000000008001184                _Unwind_Resume_or_Rethrow
                0x0000000008001184                ___Unwind_Resume_or_Rethrow
                0x00000000080011a8                _Unwind_ForcedUnwind
                0x00000000080011a8                ___Unwind_ForcedUnwind
                0x00000000080011cc                ___Unwind_Backtrace
                0x00000000080011cc                _Unwind_Backtrace
 .text          0x00000000080011f0       0xec c:/users/user/appdata/roaming/code/user/globalstorage/bmd.stm32-for-vscode/@xpack-dev-tools/arm-none-eabi-gcc/10.2.1-1.1.2/.content/bin/../lib/gcc/arm-none-eabi/10.2.1/../../../../arm-none-eabi/lib/thumb/v7-m/nofp\libc.a(lib_a-memcpy.o)
                0x00000000080011f0                memcpy
 *(.text*)
 .text.__do_global_dtors_aux
                0x00000000080012dc       0x24 c:/users/user/appdata/roaming/code/user/globalstorage/bmd.stm32-for-vscode/@xpack-dev-tools/arm-none-eabi-gcc/10.2.1-1.1.2/.content/bin/../lib/gcc/arm-none-eabi/10.2.1/thumb/v7-m/nofp/crtbegin.o
 .text.frame_dummy
                0x0000000008001300       0x1c c:/users/user/appdata/roaming/code/user/globalstorage/bmd.stm32-for-vscode/@xpack-dev-tools/arm-none-eabi-gcc/10.2.1-1.1.2/.content/bin/../lib/gcc/arm-none-eabi/10.2.1/thumb/v7-m/nofp/crtbegin.o
 .text.Detector_Init_Param
                0x000000000800131c       0x14 build/Detector.o
                0x000000000800131c                Detector_Init_Param
 .text.Detector_GetuZvValue
                0x0000000008001330       0x30 build/Detector.o
                0x0000000008001330                Detector_GetuZvValue
 .text.ssqrt    0x0000000008001360       0x1c build/FindX.o
                0x0000000008001360                ssqrt
 .text.FW5_Write
                0x000000000800137c       0x10 build/FindX.o
                0x000000000800137c                FW5_Write
 .text.FW5_SetPorog
                0x000000000800138c       0x14 build/FindX.o
                0x000000000800138c                FW5_SetPorog
 .text.FW5_Clear
                0x00000000080013a0        0xc build/FindX.o
                0x00000000080013a0                FW5_Clear
 .text.FW5_Calibration
                0x00000000080013ac       0x20 build/FindX.o
                0x00000000080013ac                FW5_Calibration
 *fill*         0x00000000080013cc        0x4 
 .text.FW5_CalculatePorog_i
                0x00000000080013d0       0x9c build/FindX.o
                0x00000000080013d0                FW5_CalculatePorog_i
 .text.FW5_Read
                0x000000000800146c      0x104 build/FindX.o
                0x000000000800146c                FW5_Read
 .text.FW5_Find
                0x0000000008001570      0x138 build/FindX.o
                0x0000000008001570                FW5_Find
 .text.FW5_G5Find
                0x00000000080016a8       0x68 build/FindX.o
                0x00000000080016a8                FW5_G5Find
 .text.Stat_Init
                0x0000000008001710       0x2c build/StatPM.o
                0x0000000008001710                Stat_Init
 .text.Stat_AddData250ms
                0x000000000800173c       0x2c build/StatPM.o
                0x000000000800173c                Stat_AddData250ms
 .text.Stat_GetStatus
                0x0000000008001768       0x80 build/StatPM.o
                0x0000000008001768                Stat_GetStatus
 .text.sum      0x00000000080017e8       0x34 build/stat.o
 .text.stat_SetDeatTime
                0x000000000800181c       0x30 build/stat.o
                0x000000000800181c                stat_SetDeatTime
 .text.Get_Tau_CPS
                0x000000000800184c       0x54 build/stat.o
                0x000000000800184c                Get_Tau_CPS
 .text.stat_add
                0x00000000080018a0      0x118 build/stat.o
                0x00000000080018a0                stat_add
 .text.fsqrt    0x00000000080019b8       0x1c build/stat.o
                0x00000000080019b8                fsqrt
 .text.border_low_tpc
                0x00000000080019d4       0x64 build/stat.o
 .text.need_reject
                0x0000000008001a38      0x100 build/stat.o
 .text.stat_check
                0x0000000008001b38      0x140 build/stat.o
                0x0000000008001b38                stat_check
 .text.stat_calc_cps
                0x0000000008001c78      0x108 build/stat.o
                0x0000000008001c78                stat_calc_cps
 .text.GetCRC16
                0x0000000008001d80       0x34 build/NOS_ModBus.o
                0x0000000008001d80                GetCRC16
 .text.NOS_ModBus_ParseMasterCommand
                0x0000000008001db4       0xa0 build/NOS_ModBus.o
                0x0000000008001db4                NOS_ModBus_ParseMasterCommand
 .text.NOS_ModBus_AddUint16ToBuff
                0x0000000008001e54        0xc build/NOS_ModBus.o
                0x0000000008001e54                NOS_ModBus_AddUint16ToBuff
 .text.NOS_ModBus_AddFloatToBuff
                0x0000000008001e60       0x20 build/NOS_ModBus.o
                0x0000000008001e60                NOS_ModBus_AddFloatToBuff
 .text.MX_GPIO_Init
                0x0000000008001e80      0x120 build/main.o
 .text.HAL_UART_RxCpltCallback
                0x0000000008001fa0       0xf8 build/main.o
                0x0000000008001fa0                HAL_UART_RxCpltCallback
 .text.NOS_ModBus_SendSlaveCommand
                0x0000000008002098       0x94 build/main.o
                0x0000000008002098                NOS_ModBus_SendSlaveCommand
 .text.GM2_SendDebugData
                0x000000000800212c       0xb4 build/main.o
                0x000000000800212c                GM2_SendDebugData
 .text.SysTick_Handler
                0x00000000080021e0       0x50 build/main.o
                0x00000000080021e0                SysTick_Handler
 .text.EXTI0_IRQHandler
                0x0000000008002230       0x24 build/main.o
                0x0000000008002230                EXTI0_IRQHandler
 .text.EXTI1_IRQHandler
                0x0000000008002254       0x24 build/main.o
                0x0000000008002254                EXTI1_IRQHandler
 .text.Error_Handler
                0x0000000008002278        0x4 build/main.o
                0x0000000008002278                Error_Handler
 .text.MX_USART1_UART_Init
                0x000000000800227c       0x34 build/main.o
 .text.MX_USART2_UART_Init
                0x00000000080022b0       0x34 build/main.o
 .text.SystemClock_Config
                0x00000000080022e4       0x84 build/main.o
                0x00000000080022e4                SystemClock_Config
 .text.main     0x0000000008002368      0x160 build/main.o
                0x0000000008002368                main
 .text.HAL_MspInit
                0x00000000080024c8       0x44 build/stm32f1xx_hal_msp.o
                0x00000000080024c8                HAL_MspInit
 .text.HAL_UART_MspInit
                0x000000000800250c       0xe0 build/stm32f1xx_hal_msp.o
                0x000000000800250c                HAL_UART_MspInit
 .text.NMI_Handler
                0x00000000080025ec        0x2 build/stm32f1xx_it.o
                0x00000000080025ec                NMI_Handler
 .text.HardFault_Handler
                0x00000000080025ee        0x2 build/stm32f1xx_it.o
                0x00000000080025ee                HardFault_Handler
 .text.MemManage_Handler
                0x00000000080025f0        0x2 build/stm32f1xx_it.o
                0x00000000080025f0                MemManage_Handler
 .text.BusFault_Handler
                0x00000000080025f2        0x2 build/stm32f1xx_it.o
                0x00000000080025f2                BusFault_Handler
 .text.UsageFault_Handler
                0x00000000080025f4        0x2 build/stm32f1xx_it.o
                0x00000000080025f4                UsageFault_Handler
 .text.SVC_Handler
                0x00000000080025f6        0x2 build/stm32f1xx_it.o
                0x00000000080025f6                SVC_Handler
 .text.DebugMon_Handler
                0x00000000080025f8        0x2 build/stm32f1xx_it.o
                0x00000000080025f8                DebugMon_Handler
 .text.PendSV_Handler
                0x00000000080025fa        0x2 build/stm32f1xx_it.o
                0x00000000080025fa                PendSV_Handler
 .text.ADC1_2_IRQHandler
                0x00000000080025fc       0x10 build/stm32f1xx_it.o
                0x00000000080025fc                ADC1_2_IRQHandler
 .text.USART1_IRQHandler
                0x000000000800260c       0x10 build/stm32f1xx_it.o
                0x000000000800260c                USART1_IRQHandler
 .text.USART2_IRQHandler
                0x000000000800261c       0x10 build/stm32f1xx_it.o
                0x000000000800261c                USART2_IRQHandler
 .text.SystemInit
                0x000000000800262c        0x2 build/system_stm32f1xx.o
                0x000000000800262c                SystemInit
 *fill*         0x000000000800262e        0x2 
 .text.HAL_InitTick
                0x0000000008002630       0x4c build/stm32f1xx_hal.o
                0x0000000008002630                HAL_InitTick
 .text.HAL_Init
                0x000000000800267c       0x24 build/stm32f1xx_hal.o
                0x000000000800267c                HAL_Init
 .text.HAL_IncTick
                0x00000000080026a0       0x18 build/stm32f1xx_hal.o
                0x00000000080026a0                HAL_IncTick
 .text.HAL_GetTick
                0x00000000080026b8        0xc build/stm32f1xx_hal.o
                0x00000000080026b8                HAL_GetTick
 .text.HAL_ADC_ConvCpltCallback
                0x00000000080026c4        0x2 build/stm32f1xx_hal_adc.o
                0x00000000080026c4                HAL_ADC_ConvCpltCallback
 .text.HAL_ADC_LevelOutOfWindowCallback
                0x00000000080026c6        0x2 build/stm32f1xx_hal_adc.o
                0x00000000080026c6                HAL_ADC_LevelOutOfWindowCallback
 .text.HAL_ADC_IRQHandler
                0x00000000080026c8      0x10c build/stm32f1xx_hal_adc.o
                0x00000000080026c8                HAL_ADC_IRQHandler
 .text.HAL_ADCEx_InjectedConvCpltCallback
                0x00000000080027d4        0x2 build/stm32f1xx_hal_adc_ex.o
                0x00000000080027d4                HAL_ADCEx_InjectedConvCpltCallback
 *fill*         0x00000000080027d6        0x2 
 .text.HAL_NVIC_SetPriorityGrouping
                0x00000000080027d8       0x24 build/stm32f1xx_hal_cortex.o
                0x00000000080027d8                HAL_NVIC_SetPriorityGrouping
 .text.HAL_NVIC_SetPriority
                0x00000000080027fc       0x70 build/stm32f1xx_hal_cortex.o
                0x00000000080027fc                HAL_NVIC_SetPriority
 .text.HAL_NVIC_EnableIRQ
                0x000000000800286c       0x1c build/stm32f1xx_hal_cortex.o
                0x000000000800286c                HAL_NVIC_EnableIRQ
 .text.HAL_SYSTICK_Config
                0x0000000008002888       0x28 build/stm32f1xx_hal_cortex.o
                0x0000000008002888                HAL_SYSTICK_Config
 .text.HAL_DMA_Abort
                0x00000000080028b0       0x44 build/stm32f1xx_hal_dma.o
                0x00000000080028b0                HAL_DMA_Abort
 .text.HAL_DMA_Abort_IT
                0x00000000080028f4       0x98 build/stm32f1xx_hal_dma.o
                0x00000000080028f4                HAL_DMA_Abort_IT
 .text.HAL_GPIO_Init
                0x000000000800298c      0x224 build/stm32f1xx_hal_gpio.o
                0x000000000800298c                HAL_GPIO_Init
 .text.HAL_GPIO_WritePin
                0x0000000008002bb0        0xc build/stm32f1xx_hal_gpio.o
                0x0000000008002bb0                HAL_GPIO_WritePin
 .text.HAL_GPIO_TogglePin
                0x0000000008002bbc       0x12 build/stm32f1xx_hal_gpio.o
                0x0000000008002bbc                HAL_GPIO_TogglePin
 .text.HAL_GPIO_EXTI_Callback
                0x0000000008002bce        0x2 build/stm32f1xx_hal_gpio.o
                0x0000000008002bce                HAL_GPIO_EXTI_Callback
 .text.HAL_GPIO_EXTI_IRQHandler
                0x0000000008002bd0       0x1c build/stm32f1xx_hal_gpio.o
                0x0000000008002bd0                HAL_GPIO_EXTI_IRQHandler
 .text.RCC_Delay
                0x0000000008002bec       0x2c build/stm32f1xx_hal_rcc.o
 .text.HAL_RCC_OscConfig
                0x0000000008002c18      0x410 build/stm32f1xx_hal_rcc.o
                0x0000000008002c18                HAL_RCC_OscConfig
 .text.HAL_RCC_GetSysClockFreq
                0x0000000008003028       0x6c build/stm32f1xx_hal_rcc.o
                0x0000000008003028                HAL_RCC_GetSysClockFreq
 .text.HAL_RCC_ClockConfig
                0x0000000008003094      0x16c build/stm32f1xx_hal_rcc.o
                0x0000000008003094                HAL_RCC_ClockConfig
 .text.HAL_RCC_GetHCLKFreq
                0x0000000008003200        0xc build/stm32f1xx_hal_rcc.o
                0x0000000008003200                HAL_RCC_GetHCLKFreq
 .text.HAL_RCC_GetPCLK1Freq
                0x000000000800320c       0x20 build/stm32f1xx_hal_rcc.o
                0x000000000800320c                HAL_RCC_GetPCLK1Freq
 .text.HAL_RCC_GetPCLK2Freq
                0x000000000800322c       0x20 build/stm32f1xx_hal_rcc.o
                0x000000000800322c                HAL_RCC_GetPCLK2Freq
 .text.HAL_RCCEx_PeriphCLKConfig
                0x000000000800324c      0x118 build/stm32f1xx_hal_rcc_ex.o
                0x000000000800324c                HAL_RCCEx_PeriphCLKConfig
 .text.UART_EndRxTransfer
                0x0000000008003364       0x32 build/stm32f1xx_hal_uart.o
 .text.UART_Transmit_IT
                0x0000000008003396       0x60 build/stm32f1xx_hal_uart.o
 *fill*         0x00000000080033f6        0x2 
 .text.UART_SetConfig
                0x00000000080033f8       0x94 build/stm32f1xx_hal_uart.o
 .text.HAL_UART_Init
                0x000000000800348c       0x5e build/stm32f1xx_hal_uart.o
                0x000000000800348c                HAL_UART_Init
 .text.HAL_HalfDuplex_Init
                0x00000000080034ea       0x6a build/stm32f1xx_hal_uart.o
                0x00000000080034ea                HAL_HalfDuplex_Init
 .text.HAL_UART_Transmit_IT
                0x0000000008003554       0x4e build/stm32f1xx_hal_uart.o
                0x0000000008003554                HAL_UART_Transmit_IT
 .text.HAL_UART_TxCpltCallback
                0x00000000080035a2        0x2 build/stm32f1xx_hal_uart.o
                0x00000000080035a2                HAL_UART_TxCpltCallback
 .text.UART_EndTransmit_IT
                0x00000000080035a4       0x1a build/stm32f1xx_hal_uart.o
 .text.HAL_UART_ErrorCallback
                0x00000000080035be        0x2 build/stm32f1xx_hal_uart.o
                0x00000000080035be                HAL_UART_ErrorCallback
 .text.UART_DMAAbortOnError
                0x00000000080035c0       0x10 build/stm32f1xx_hal_uart.o
 .text.HAL_UARTEx_RxEventCallback
                0x00000000080035d0        0x2 build/stm32f1xx_hal_uart.o
                0x00000000080035d0                HAL_UARTEx_RxEventCallback
 .text.UART_Receive_IT
                0x00000000080035d2       0xd4 build/stm32f1xx_hal_uart.o
 *fill*         0x00000000080036a6        0x2 
 .text.HAL_UART_IRQHandler
                0x00000000080036a8      0x204 build/stm32f1xx_hal_uart.o
                0x00000000080036a8                HAL_UART_IRQHandler
 .text.UART_Start_Receive_IT
                0x00000000080038ac       0x36 build/stm32f1xx_hal_uart.o
                0x00000000080038ac                UART_Start_Receive_IT
 .text.HAL_UART_Receive_IT
                0x00000000080038e2       0x38 build/stm32f1xx_hal_uart.o
                0x00000000080038e2                HAL_UART_Receive_IT
 *fill*         0x000000000800391a        0x2 
 .text.Reset_Handler
                0x000000000800391c       0x48 build/startup_stm32f103xb.o
                0x000000000800391c                Reset_Handler
 .text.Default_Handler
                0x0000000008003964        0x2 build/startup_stm32f103xb.o
                0x0000000008003964                RTC_Alarm_IRQHandler
                0x0000000008003964                EXTI2_IRQHandler
                0x0000000008003964                TIM1_CC_IRQHandler
                0x0000000008003964                PVD_IRQHandler
                0x0000000008003964                EXTI3_IRQHandler
                0x0000000008003964                I2C2_EV_IRQHandler
                0x0000000008003964                SPI1_IRQHandler
                0x0000000008003964                TAMPER_IRQHandler
                0x0000000008003964                DMA1_Channel4_IRQHandler
                0x0000000008003964                USART3_IRQHandler
                0x0000000008003964                RTC_IRQHandler
                0x0000000008003964                DMA1_Channel7_IRQHandler
                0x0000000008003964                CAN1_RX1_IRQHandler
                0x0000000008003964                TIM4_IRQHandler
                0x0000000008003964                I2C1_EV_IRQHandler
                0x0000000008003964                DMA1_Channel6_IRQHandler
                0x0000000008003964                TIM3_IRQHandler
                0x0000000008003964                RCC_IRQHandler
                0x0000000008003964                TIM1_TRG_COM_IRQHandler
                0x0000000008003964                DMA1_Channel1_IRQHandler
                0x0000000008003964                Default_Handler
                0x0000000008003964                EXTI15_10_IRQHandler
                0x0000000008003964                EXTI9_5_IRQHandler
                0x0000000008003964                SPI2_IRQHandler
                0x0000000008003964                DMA1_Channel5_IRQHandler
                0x0000000008003964                EXTI4_IRQHandler
                0x0000000008003964                USB_LP_CAN1_RX0_IRQHandler
                0x0000000008003964                USB_HP_CAN1_TX_IRQHandler
                0x0000000008003964                DMA1_Channel3_IRQHandler
                0x0000000008003964                TIM1_UP_IRQHandler
                0x0000000008003964                WWDG_IRQHandler
                0x0000000008003964                TIM2_IRQHandler
                0x0000000008003964                TIM1_BRK_IRQHandler
                0x0000000008003964                I2C2_ER_IRQHandler
                0x0000000008003964                DMA1_Channel2_IRQHandler
                0x0000000008003964                CAN1_SCE_IRQHandler
                0x0000000008003964                FLASH_IRQHandler
                0x0000000008003964                I2C1_ER_IRQHandler
                0x0000000008003964                USBWakeUp_IRQHandler
 *fill*         0x0000000008003966        0x2 
 .text.__libc_init_array
                0x0000000008003968       0x48 c:/users/user/appdata/roaming/code/user/globalstorage/bmd.stm32-for-vscode/@xpack-dev-tools/arm-none-eabi-gcc/10.2.1-1.1.2/.content/bin/../lib/gcc/arm-none-eabi/10.2.1/../../../../arm-none-eabi/lib/thumb/v7-m/nofp\libc.a(lib_a-init.o)
                0x0000000008003968                __libc_init_array
 .text.memmove  0x00000000080039b0       0xf8 c:/users/user/appdata/roaming/code/user/globalstorage/bmd.stm32-for-vscode/@xpack-dev-tools/arm-none-eabi-gcc/10.2.1-1.1.2/.content/bin/../lib/gcc/arm-none-eabi/10.2.1/../../../../arm-none-eabi/lib/thumb/v7-m/nofp\libc.a(lib_a-memmove.o)
                0x00000000080039b0                memmove
 .text.memset   0x0000000008003aa8       0xa4 c:/users/user/appdata/roaming/code/user/globalstorage/bmd.stm32-for-vscode/@xpack-dev-tools/arm-none-eabi-gcc/10.2.1-1.1.2/.content/bin/../lib/gcc/arm-none-eabi/10.2.1/../../../../arm-none-eabi/lib/thumb/v7-m/nofp\libc.a(lib_a-memset.o)
                0x0000000008003aa8                memset
 .text.startup.register_fini
                0x0000000008003b4c       0x14 c:/users/user/appdata/roaming/code/user/globalstorage/bmd.stm32-for-vscode/@xpack-dev-tools/arm-none-eabi-gcc/10.2.1-1.1.2/.content/bin/../lib/gcc/arm-none-eabi/10.2.1/../../../../arm-none-eabi/lib/thumb/v7-m/nofp\libc.a(lib_a-__call_atexit.o)
 .text.__libc_fini_array
                0x0000000008003b60       0x2c c:/users/user/appdata/roaming/code/user/globalstorage/bmd.stm32-for-vscode/@xpack-dev-tools/arm-none-eabi-gcc/10.2.1-1.1.2/.content/bin/../lib/gcc/arm-none-eabi/10.2.1/../../../../arm-none-eabi/lib/thumb/v7-m/nofp\libc.a(lib_a-fini.o)
                0x0000000008003b60                __libc_fini_array
 .text.__retarget_lock_acquire_recursive
                0x0000000008003b8c        0x4 c:/users/user/appdata/roaming/code/user/globalstorage/bmd.stm32-for-vscode/@xpack-dev-tools/arm-none-eabi-gcc/10.2.1-1.1.2/.content/bin/../lib/gcc/arm-none-eabi/10.2.1/../../../../arm-none-eabi/lib/thumb/v7-m/nofp\libc.a(lib_a-lock.o)
                0x0000000008003b8c                __retarget_lock_acquire_recursive
 .text.__retarget_lock_release_recursive
                0x0000000008003b90        0x4 c:/users/user/appdata/roaming/code/user/globalstorage/bmd.stm32-for-vscode/@xpack-dev-tools/arm-none-eabi-gcc/10.2.1-1.1.2/.content/bin/../lib/gcc/arm-none-eabi/10.2.1/../../../../arm-none-eabi/lib/thumb/v7-m/nofp\libc.a(lib_a-lock.o)
                0x0000000008003b90                __retarget_lock_release_recursive
 .text.atexit   0x0000000008003b94        0xc c:/users/user/appdata/roaming/code/user/globalstorage/bmd.stm32-for-vscode/@xpack-dev-tools/arm-none-eabi-gcc/10.2.1-1.1.2/.content/bin/../lib/gcc/arm-none-eabi/10.2.1/../../../../arm-none-eabi/lib/thumb/v7-m/nofp\libc.a(lib_a-atexit.o)
                0x0000000008003b94                atexit
 .text.__register_exitproc
                0x0000000008003ba0       0x8c c:/users/user/appdata/roaming/code/user/globalstorage/bmd.stm32-for-vscode/@xpack-dev-tools/arm-none-eabi-gcc/10.2.1-1.1.2/.content/bin/../lib/gcc/arm-none-eabi/10.2.1/../../../../arm-none-eabi/lib/thumb/v7-m/nofp\libc.a(lib_a-__atexit.o)
                0x0000000008003ba0                __register_exitproc
 .text._exit    0x0000000008003c2c        0x4 c:/users/user/appdata/roaming/code/user/globalstorage/bmd.stm32-for-vscode/@xpack-dev-tools/arm-none-eabi-gcc/10.2.1-1.1.2/.content/bin/../lib/gcc/arm-none-eabi/10.2.1/../../../../arm-none-eabi/lib/thumb/v7-m/nofp\libnosys.a(_exit.o)
                0x0000000008003c2c                _exit
 .text.selfrel_offset31
                0x0000000008003c30       0x14 c:/users/user/appdata/roaming/code/user/globalstorage/bmd.stm32-for-vscode/@xpack-dev-tools/arm-none-eabi-gcc/10.2.1-1.1.2/.content/bin/../lib/gcc/arm-none-eabi/10.2.1/thumb/v7-m/nofp\libgcc.a(unwind-arm.o)
 .text.search_EIT_table
                0x0000000008003c44       0x60 c:/users/user/appdata/roaming/code/user/globalstorage/bmd.stm32-for-vscode/@xpack-dev-tools/arm-none-eabi-gcc/10.2.1-1.1.2/.content/bin/../lib/gcc/arm-none-eabi/10.2.1/thumb/v7-m/nofp\libgcc.a(unwind-arm.o)
 .text.__gnu_unwind_get_pr_addr
                0x0000000008003ca4       0x28 c:/users/user/appdata/roaming/code/user/globalstorage/bmd.stm32-for-vscode/@xpack-dev-tools/arm-none-eabi-gcc/10.2.1-1.1.2/.content/bin/../lib/gcc/arm-none-eabi/10.2.1/thumb/v7-m/nofp\libgcc.a(unwind-arm.o)
 .text.get_eit_entry
                0x0000000008003ccc       0xa0 c:/users/user/appdata/roaming/code/user/globalstorage/bmd.stm32-for-vscode/@xpack-dev-tools/arm-none-eabi-gcc/10.2.1-1.1.2/.content/bin/../lib/gcc/arm-none-eabi/10.2.1/thumb/v7-m/nofp\libgcc.a(unwind-arm.o)
 .text.restore_non_core_regs
                0x0000000008003d6c       0x58 c:/users/user/appdata/roaming/code/user/globalstorage/bmd.stm32-for-vscode/@xpack-dev-tools/arm-none-eabi-gcc/10.2.1-1.1.2/.content/bin/../lib/gcc/arm-none-eabi/10.2.1/thumb/v7-m/nofp\libgcc.a(unwind-arm.o)
 .text._Unwind_decode_typeinfo_ptr.constprop.0
                0x0000000008003dc4        0xc c:/users/user/appdata/roaming/code/user/globalstorage/bmd.stm32-for-vscode/@xpack-dev-tools/arm-none-eabi-gcc/10.2.1-1.1.2/.content/bin/../lib/gcc/arm-none-eabi/10.2.1/thumb/v7-m/nofp\libgcc.a(unwind-arm.o)
 .text._Unwind_DebugHook
                0x0000000008003dd0        0x4 c:/users/user/appdata/roaming/code/user/globalstorage/bmd.stm32-for-vscode/@xpack-dev-tools/arm-none-eabi-gcc/10.2.1-1.1.2/.content/bin/../lib/gcc/arm-none-eabi/10.2.1/thumb/v7-m/nofp\libgcc.a(unwind-arm.o)
 .text.unwind_phase2
                0x0000000008003dd4       0x40 c:/users/user/appdata/roaming/code/user/globalstorage/bmd.stm32-for-vscode/@xpack-dev-tools/arm-none-eabi-gcc/10.2.1-1.1.2/.content/bin/../lib/gcc/arm-none-eabi/10.2.1/thumb/v7-m/nofp\libgcc.a(unwind-arm.o)
 .text.unwind_phase2_forced
                0x0000000008003e14       0xd8 c:/users/user/appdata/roaming/code/user/globalstorage/bmd.stm32-for-vscode/@xpack-dev-tools/arm-none-eabi-gcc/10.2.1-1.1.2/.content/bin/../lib/gcc/arm-none-eabi/10.2.1/thumb/v7-m/nofp\libgcc.a(unwind-arm.o)
 .text.__gnu_Unwind_RaiseException
                0x0000000008003eec       0x68 c:/users/user/appdata/roaming/code/user/globalstorage/bmd.stm32-for-vscode/@xpack-dev-tools/arm-none-eabi-gcc/10.2.1-1.1.2/.content/bin/../lib/gcc/arm-none-eabi/10.2.1/thumb/v7-m/nofp\libgcc.a(unwind-arm.o)
                0x0000000008003eec                __gnu_Unwind_RaiseException
 .text.__gnu_Unwind_ForcedUnwind
                0x0000000008003f54       0x18 c:/users/user/appdata/roaming/code/user/globalstorage/bmd.stm32-for-vscode/@xpack-dev-tools/arm-none-eabi-gcc/10.2.1-1.1.2/.content/bin/../lib/gcc/arm-none-eabi/10.2.1/thumb/v7-m/nofp\libgcc.a(unwind-arm.o)
                0x0000000008003f54                __gnu_Unwind_ForcedUnwind
 .text.__gnu_Unwind_Resume
                0x0000000008003f6c       0x44 c:/users/user/appdata/roaming/code/user/globalstorage/bmd.stm32-for-vscode/@xpack-dev-tools/arm-none-eabi-gcc/10.2.1-1.1.2/.content/bin/../lib/gcc/arm-none-eabi/10.2.1/thumb/v7-m/nofp\libgcc.a(unwind-arm.o)
                0x0000000008003f6c                __gnu_Unwind_Resume
 .text.__gnu_Unwind_Resume_or_Rethrow
                0x0000000008003fb0       0x18 c:/users/user/appdata/roaming/code/user/globalstorage/bmd.stm32-for-vscode/@xpack-dev-tools/arm-none-eabi-gcc/10.2.1-1.1.2/.content/bin/../lib/gcc/arm-none-eabi/10.2.1/thumb/v7-m/nofp\libgcc.a(unwind-arm.o)
                0x0000000008003fb0                __gnu_Unwind_Resume_or_Rethrow
 .text._Unwind_VRS_Get
                0x0000000008003fc8       0x30 c:/users/user/appdata/roaming/code/user/globalstorage/bmd.stm32-for-vscode/@xpack-dev-tools/arm-none-eabi-gcc/10.2.1-1.1.2/.content/bin/../lib/gcc/arm-none-eabi/10.2.1/thumb/v7-m/nofp\libgcc.a(unwind-arm.o)
                0x0000000008003fc8                _Unwind_VRS_Get
 .text._Unwind_GetGR
                0x0000000008003ff8       0x1c c:/users/user/appdata/roaming/code/user/globalstorage/bmd.stm32-for-vscode/@xpack-dev-tools/arm-none-eabi-gcc/10.2.1-1.1.2/.content/bin/../lib/gcc/arm-none-eabi/10.2.1/thumb/v7-m/nofp\libgcc.a(unwind-arm.o)
 .text._Unwind_VRS_Set
                0x0000000008004014       0x30 c:/users/user/appdata/roaming/code/user/globalstorage/bmd.stm32-for-vscode/@xpack-dev-tools/arm-none-eabi-gcc/10.2.1-1.1.2/.content/bin/../lib/gcc/arm-none-eabi/10.2.1/thumb/v7-m/nofp\libgcc.a(unwind-arm.o)
                0x0000000008004014                _Unwind_VRS_Set
 .text._Unwind_SetGR
                0x0000000008004044       0x18 c:/users/user/appdata/roaming/code/user/globalstorage/bmd.stm32-for-vscode/@xpack-dev-tools/arm-none-eabi-gcc/10.2.1-1.1.2/.content/bin/../lib/gcc/arm-none-eabi/10.2.1/thumb/v7-m/nofp\libgcc.a(unwind-arm.o)
 .text.__gnu_Unwind_Backtrace
                0x000000000800405c       0x80 c:/users/user/appdata/roaming/code/user/globalstorage/bmd.stm32-for-vscode/@xpack-dev-tools/arm-none-eabi-gcc/10.2.1-1.1.2/.content/bin/../lib/gcc/arm-none-eabi/10.2.1/thumb/v7-m/nofp\libgcc.a(unwind-arm.o)
                0x000000000800405c                __gnu_Unwind_Backtrace
 .text.__gnu_unwind_pr_common
                0x00000000080040dc      0x2a8 c:/users/user/appdata/roaming/code/user/globalstorage/bmd.stm32-for-vscode/@xpack-dev-tools/arm-none-eabi-gcc/10.2.1-1.1.2/.content/bin/../lib/gcc/arm-none-eabi/10.2.1/thumb/v7-m/nofp\libgcc.a(unwind-arm.o)
 .text.__aeabi_unwind_cpp_pr0
                0x0000000008004384        0x8 c:/users/user/appdata/roaming/code/user/globalstorage/bmd.stm32-for-vscode/@xpack-dev-tools/arm-none-eabi-gcc/10.2.1-1.1.2/.content/bin/../lib/gcc/arm-none-eabi/10.2.1/thumb/v7-m/nofp\libgcc.a(unwind-arm.o)
                0x0000000008004384                __aeabi_unwind_cpp_pr0
 .text.__aeabi_unwind_cpp_pr1
                0x000000000800438c        0x8 c:/users/user/appdata/roaming/code/user/globalstorage/bmd.stm32-for-vscode/@xpack-dev-tools/arm-none-eabi-gcc/10.2.1-1.1.2/.content/bin/../lib/gcc/arm-none-eabi/10.2.1/thumb/v7-m/nofp\libgcc.a(unwind-arm.o)
                0x000000000800438c                __aeabi_unwind_cpp_pr1
 .text.__aeabi_unwind_cpp_pr2
                0x0000000008004394        0x8 c:/users/user/appdata/roaming/code/user/globalstorage/bmd.stm32-for-vscode/@xpack-dev-tools/arm-none-eabi-gcc/10.2.1-1.1.2/.content/bin/../lib/gcc/arm-none-eabi/10.2.1/thumb/v7-m/nofp\libgcc.a(unwind-arm.o)
                0x0000000008004394                __aeabi_unwind_cpp_pr2
 .text._Unwind_VRS_Pop
                0x000000000800439c      0x274 c:/users/user/appdata/roaming/code/user/globalstorage/bmd.stm32-for-vscode/@xpack-dev-tools/arm-none-eabi-gcc/10.2.1-1.1.2/.content/bin/../lib/gcc/arm-none-eabi/10.2.1/thumb/v7-m/nofp\libgcc.a(unwind-arm.o)
                0x000000000800439c                _Unwind_VRS_Pop
 .text.next_unwind_byte
                0x0000000008004610       0x38 c:/users/user/appdata/roaming/code/user/globalstorage/bmd.stm32-for-vscode/@xpack-dev-tools/arm-none-eabi-gcc/10.2.1-1.1.2/.content/bin/../lib/gcc/arm-none-eabi/10.2.1/thumb/v7-m/nofp\libgcc.a(pr-support.o)
 .text.__gnu_unwind_execute
                0x0000000008004648      0x2e4 c:/users/user/appdata/roaming/code/user/globalstorage/bmd.stm32-for-vscode/@xpack-dev-tools/arm-none-eabi-gcc/10.2.1-1.1.2/.content/bin/../lib/gcc/arm-none-eabi/10.2.1/thumb/v7-m/nofp\libgcc.a(pr-support.o)
                0x0000000008004648                __gnu_unwind_execute
 .text.abort    0x000000000800492c       0x10 c:/users/user/appdata/roaming/code/user/globalstorage/bmd.stm32-for-vscode/@xpack-dev-tools/arm-none-eabi-gcc/10.2.1-1.1.2/.content/bin/../lib/gcc/arm-none-eabi/10.2.1/../../../../arm-none-eabi/lib/thumb/v7-m/nofp\libc.a(lib_a-abort.o)
                0x000000000800492c                abort
 .text.raise    0x000000000800493c       0x5c c:/users/user/appdata/roaming/code/user/globalstorage/bmd.stm32-for-vscode/@xpack-dev-tools/arm-none-eabi-gcc/10.2.1-1.1.2/.content/bin/../lib/gcc/arm-none-eabi/10.2.1/../../../../arm-none-eabi/lib/thumb/v7-m/nofp\libc.a(lib_a-signal.o)
                0x000000000800493c                raise
 .text._kill_r  0x0000000008004998       0x28 c:/users/user/appdata/roaming/code/user/globalstorage/bmd.stm32-for-vscode/@xpack-dev-tools/arm-none-eabi-gcc/10.2.1-1.1.2/.content/bin/../lib/gcc/arm-none-eabi/10.2.1/../../../../arm-none-eabi/lib/thumb/v7-m/nofp\libc.a(lib_a-signalr.o)
                0x0000000008004998                _kill_r
 .text._getpid_r
                0x00000000080049c0        0x4 c:/users/user/appdata/roaming/code/user/globalstorage/bmd.stm32-for-vscode/@xpack-dev-tools/arm-none-eabi-gcc/10.2.1-1.1.2/.content/bin/../lib/gcc/arm-none-eabi/10.2.1/../../../../arm-none-eabi/lib/thumb/v7-m/nofp\libc.a(lib_a-signalr.o)
                0x00000000080049c0                _getpid_r
 .text._getpid  0x00000000080049c4       0x10 c:/users/user/appdata/roaming/code/user/globalstorage/bmd.stm32-for-vscode/@xpack-dev-tools/arm-none-eabi-gcc/10.2.1-1.1.2/.content/bin/../lib/gcc/arm-none-eabi/10.2.1/../../../../arm-none-eabi/lib/thumb/v7-m/nofp\libnosys.a(getpid.o)
                0x00000000080049c4                _getpid
 .text._kill    0x00000000080049d4       0x10 c:/users/user/appdata/roaming/code/user/globalstorage/bmd.stm32-for-vscode/@xpack-dev-tools/arm-none-eabi-gcc/10.2.1-1.1.2/.content/bin/../lib/gcc/arm-none-eabi/10.2.1/../../../../arm-none-eabi/lib/thumb/v7-m/nofp\libnosys.a(kill.o)
                0x00000000080049d4                _kill
 *(.glue_7)
 .glue_7        0x00000000080049e4        0x0 linker stubs
 *(.glue_7t)
 .glue_7t       0x00000000080049e4        0x0 linker stubs
 *(.eh_frame)
 .eh_frame      0x00000000080049e4        0x0 c:/users/user/appdata/roaming/code/user/globalstorage/bmd.stm32-for-vscode/@xpack-dev-tools/arm-none-eabi-gcc/10.2.1-1.1.2/.content/bin/../lib/gcc/arm-none-eabi/10.2.1/thumb/v7-m/nofp/crtbegin.o
 *(.init)
 .init          0x00000000080049e4        0x4 c:/users/user/appdata/roaming/code/user/globalstorage/bmd.stm32-for-vscode/@xpack-dev-tools/arm-none-eabi-gcc/10.2.1-1.1.2/.content/bin/../lib/gcc/arm-none-eabi/10.2.1/thumb/v7-m/nofp/crti.o
                0x00000000080049e4                _init
 .init          0x00000000080049e8        0x8 c:/users/user/appdata/roaming/code/user/globalstorage/bmd.stm32-for-vscode/@xpack-dev-tools/arm-none-eabi-gcc/10.2.1-1.1.2/.content/bin/../lib/gcc/arm-none-eabi/10.2.1/thumb/v7-m/nofp/crtn.o
 *(.fini)
 .fini          0x00000000080049f0        0x4 c:/users/user/appdata/roaming/code/user/globalstorage/bmd.stm32-for-vscode/@xpack-dev-tools/arm-none-eabi-gcc/10.2.1-1.1.2/.content/bin/../lib/gcc/arm-none-eabi/10.2.1/thumb/v7-m/nofp/crti.o
                0x00000000080049f0                _fini
 .fini          0x00000000080049f4        0x8 c:/users/user/appdata/roaming/code/user/globalstorage/bmd.stm32-for-vscode/@xpack-dev-tools/arm-none-eabi-gcc/10.2.1-1.1.2/.content/bin/../lib/gcc/arm-none-eabi/10.2.1/thumb/v7-m/nofp/crtn.o
                0x00000000080049fc                . = ALIGN (0x4)
                0x00000000080049fc                _etext = .

.vfp11_veneer   0x00000000080049fc        0x0
 .vfp11_veneer  0x00000000080049fc        0x0 linker stubs

.v4_bx          0x00000000080049fc        0x0
 .v4_bx         0x00000000080049fc        0x0 linker stubs

.iplt           0x00000000080049fc        0x0
 .iplt          0x00000000080049fc        0x0 c:/users/user/appdata/roaming/code/user/globalstorage/bmd.stm32-for-vscode/@xpack-dev-tools/arm-none-eabi-gcc/10.2.1-1.1.2/.content/bin/../lib/gcc/arm-none-eabi/10.2.1/thumb/v7-m/nofp/crtbegin.o

.rodata         0x00000000080049fc      0x44c
                0x00000000080049fc                . = ALIGN (0x4)
 *(.rodata)
 *(.rodata*)
 .rodata.Kst    0x00000000080049fc      0x1e4 build/FindX.o
                0x00000000080049fc                Kst
 .rodata.k      0x0000000008004be0       0x36 build/stat.o
 *fill*         0x0000000008004c16        0x2 
 .rodata.wCRCTable.0
                0x0000000008004c18      0x200 build/NOS_ModBus.o
 .rodata.AHBPrescTable
                0x0000000008004e18       0x10 build/system_stm32f1xx.o
                0x0000000008004e18                AHBPrescTable
 .rodata.APBPrescTable
                0x0000000008004e28        0x8 build/system_stm32f1xx.o
                0x0000000008004e28                APBPrescTable
 .rodata.HAL_RCC_GetSysClockFreq.str1.4
                0x0000000008004e30       0x11 build/stm32f1xx_hal_rcc.o
 *fill*         0x0000000008004e41        0x3 
 .rodata._global_impure_ptr
                0x0000000008004e44        0x4 c:/users/user/appdata/roaming/code/user/globalstorage/bmd.stm32-for-vscode/@xpack-dev-tools/arm-none-eabi-gcc/10.2.1-1.1.2/.content/bin/../lib/gcc/arm-none-eabi/10.2.1/../../../../arm-none-eabi/lib/thumb/v7-m/nofp\libc.a(lib_a-impure.o)
                0x0000000008004e44                _global_impure_ptr
                0x0000000008004e48                . = ALIGN (0x4)

.ARM.extab      0x0000000008004e48        0xc
 *(.ARM.extab* .gnu.linkonce.armextab.*)
 .ARM.extab.text.abort
                0x0000000008004e48        0xc c:/users/user/appdata/roaming/code/user/globalstorage/bmd.stm32-for-vscode/@xpack-dev-tools/arm-none-eabi-gcc/10.2.1-1.1.2/.content/bin/../lib/gcc/arm-none-eabi/10.2.1/../../../../arm-none-eabi/lib/thumb/v7-m/nofp\libc.a(lib_a-abort.o)

.ARM            0x0000000008004e54       0xc8
                0x0000000008004e54                __exidx_start = .
 *(.ARM.exidx*)
 .ARM.exidx.text.__libc_init_array
                0x0000000008004e54        0x8 c:/users/user/appdata/roaming/code/user/globalstorage/bmd.stm32-for-vscode/@xpack-dev-tools/arm-none-eabi-gcc/10.2.1-1.1.2/.content/bin/../lib/gcc/arm-none-eabi/10.2.1/../../../../arm-none-eabi/lib/thumb/v7-m/nofp\libc.a(lib_a-init.o)
 .ARM.exidx.text.memmove
                0x0000000008004e5c        0x8 c:/users/user/appdata/roaming/code/user/globalstorage/bmd.stm32-for-vscode/@xpack-dev-tools/arm-none-eabi-gcc/10.2.1-1.1.2/.content/bin/../lib/gcc/arm-none-eabi/10.2.1/../../../../arm-none-eabi/lib/thumb/v7-m/nofp\libc.a(lib_a-memmove.o)
 .ARM.exidx.text.memset
                0x0000000008004e64        0x0 c:/users/user/appdata/roaming/code/user/globalstorage/bmd.stm32-for-vscode/@xpack-dev-tools/arm-none-eabi-gcc/10.2.1-1.1.2/.content/bin/../lib/gcc/arm-none-eabi/10.2.1/../../../../arm-none-eabi/lib/thumb/v7-m/nofp\libc.a(lib_a-memset.o)
                                          0x8 (size before relaxing)
 .ARM.exidx.text.startup.register_fini
                0x0000000008004e64        0x0 c:/users/user/appdata/roaming/code/user/globalstorage/bmd.stm32-for-vscode/@xpack-dev-tools/arm-none-eabi-gcc/10.2.1-1.1.2/.content/bin/../lib/gcc/arm-none-eabi/10.2.1/../../../../arm-none-eabi/lib/thumb/v7-m/nofp\libc.a(lib_a-__call_atexit.o)
                                          0x8 (size before relaxing)
 .ARM.exidx.text.__libc_fini_array
                0x0000000008004e64        0x8 c:/users/user/appdata/roaming/code/user/globalstorage/bmd.stm32-for-vscode/@xpack-dev-tools/arm-none-eabi-gcc/10.2.1-1.1.2/.content/bin/../lib/gcc/arm-none-eabi/10.2.1/../../../../arm-none-eabi/lib/thumb/v7-m/nofp\libc.a(lib_a-fini.o)
 .ARM.exidx.text.__retarget_lock_acquire_recursive
                0x0000000008004e6c        0x8 c:/users/user/appdata/roaming/code/user/globalstorage/bmd.stm32-for-vscode/@xpack-dev-tools/arm-none-eabi-gcc/10.2.1-1.1.2/.content/bin/../lib/gcc/arm-none-eabi/10.2.1/../../../../arm-none-eabi/lib/thumb/v7-m/nofp\libc.a(lib_a-lock.o)
 .ARM.exidx.text.__retarget_lock_release_recursive
                0x0000000008004e74        0x0 c:/users/user/appdata/roaming/code/user/globalstorage/bmd.stm32-for-vscode/@xpack-dev-tools/arm-none-eabi-gcc/10.2.1-1.1.2/.content/bin/../lib/gcc/arm-none-eabi/10.2.1/../../../../arm-none-eabi/lib/thumb/v7-m/nofp\libc.a(lib_a-lock.o)
                                          0x8 (size before relaxing)
 .ARM.exidx.text.atexit
                0x0000000008004e74        0x0 c:/users/user/appdata/roaming/code/user/globalstorage/bmd.stm32-for-vscode/@xpack-dev-tools/arm-none-eabi-gcc/10.2.1-1.1.2/.content/bin/../lib/gcc/arm-none-eabi/10.2.1/../../../../arm-none-eabi/lib/thumb/v7-m/nofp\libc.a(lib_a-atexit.o)
                                          0x8 (size before relaxing)
 .ARM.exidx.text.__register_exitproc
                0x0000000008004e74        0x8 c:/users/user/appdata/roaming/code/user/globalstorage/bmd.stm32-for-vscode/@xpack-dev-tools/arm-none-eabi-gcc/10.2.1-1.1.2/.content/bin/../lib/gcc/arm-none-eabi/10.2.1/../../../../arm-none-eabi/lib/thumb/v7-m/nofp\libc.a(lib_a-__atexit.o)
 .ARM.exidx.text._exit
                0x0000000008004e7c        0x8 c:/users/user/appdata/roaming/code/user/globalstorage/bmd.stm32-for-vscode/@xpack-dev-tools/arm-none-eabi-gcc/10.2.1-1.1.2/.content/bin/../lib/gcc/arm-none-eabi/10.2.1/../../../../arm-none-eabi/lib/thumb/v7-m/nofp\libnosys.a(_exit.o)
 .ARM.exidx.text.selfrel_offset31
                0x0000000008004e84        0x0 c:/users/user/appdata/roaming/code/user/globalstorage/bmd.stm32-for-vscode/@xpack-dev-tools/arm-none-eabi-gcc/10.2.1-1.1.2/.content/bin/../lib/gcc/arm-none-eabi/10.2.1/thumb/v7-m/nofp\libgcc.a(unwind-arm.o)
                                          0x8 (size before relaxing)
 .ARM.exidx.text.search_EIT_table
                0x0000000008004e84        0x0 c:/users/user/appdata/roaming/code/user/globalstorage/bmd.stm32-for-vscode/@xpack-dev-tools/arm-none-eabi-gcc/10.2.1-1.1.2/.content/bin/../lib/gcc/arm-none-eabi/10.2.1/thumb/v7-m/nofp\libgcc.a(unwind-arm.o)
                                          0x8 (size before relaxing)
 .ARM.exidx.text.__gnu_unwind_get_pr_addr
                0x0000000008004e84        0x0 c:/users/user/appdata/roaming/code/user/globalstorage/bmd.stm32-for-vscode/@xpack-dev-tools/arm-none-eabi-gcc/10.2.1-1.1.2/.content/bin/../lib/gcc/arm-none-eabi/10.2.1/thumb/v7-m/nofp\libgcc.a(unwind-arm.o)
                                          0x8 (size before relaxing)
 .ARM.exidx.text.get_eit_entry
                0x0000000008004e84        0x8 c:/users/user/appdata/roaming/code/user/globalstorage/bmd.stm32-for-vscode/@xpack-dev-tools/arm-none-eabi-gcc/10.2.1-1.1.2/.content/bin/../lib/gcc/arm-none-eabi/10.2.1/thumb/v7-m/nofp\libgcc.a(unwind-arm.o)
 .ARM.exidx.text.restore_non_core_regs
                0x0000000008004e8c        0x8 c:/users/user/appdata/roaming/code/user/globalstorage/bmd.stm32-for-vscode/@xpack-dev-tools/arm-none-eabi-gcc/10.2.1-1.1.2/.content/bin/../lib/gcc/arm-none-eabi/10.2.1/thumb/v7-m/nofp\libgcc.a(unwind-arm.o)
 .ARM.exidx.text._Unwind_decode_typeinfo_ptr.constprop.0
                0x0000000008004e94        0x8 c:/users/user/appdata/roaming/code/user/globalstorage/bmd.stm32-for-vscode/@xpack-dev-tools/arm-none-eabi-gcc/10.2.1-1.1.2/.content/bin/../lib/gcc/arm-none-eabi/10.2.1/thumb/v7-m/nofp\libgcc.a(unwind-arm.o)
 .ARM.exidx.text._Unwind_DebugHook
                0x0000000008004e9c        0x0 c:/users/user/appdata/roaming/code/user/globalstorage/bmd.stm32-for-vscode/@xpack-dev-tools/arm-none-eabi-gcc/10.2.1-1.1.2/.content/bin/../lib/gcc/arm-none-eabi/10.2.1/thumb/v7-m/nofp\libgcc.a(unwind-arm.o)
                                          0x8 (size before relaxing)
 .ARM.exidx.text.unwind_phase2
                0x0000000008004e9c        0x8 c:/users/user/appdata/roaming/code/user/globalstorage/bmd.stm32-for-vscode/@xpack-dev-tools/arm-none-eabi-gcc/10.2.1-1.1.2/.content/bin/../lib/gcc/arm-none-eabi/10.2.1/thumb/v7-m/nofp\libgcc.a(unwind-arm.o)
 .ARM.exidx.text.unwind_phase2_forced
                0x0000000008004ea4        0x8 c:/users/user/appdata/roaming/code/user/globalstorage/bmd.stm32-for-vscode/@xpack-dev-tools/arm-none-eabi-gcc/10.2.1-1.1.2/.content/bin/../lib/gcc/arm-none-eabi/10.2.1/thumb/v7-m/nofp\libgcc.a(unwind-arm.o)
 .ARM.exidx.text.__gnu_Unwind_RaiseException
                0x0000000008004eac        0x8 c:/users/user/appdata/roaming/code/user/globalstorage/bmd.stm32-for-vscode/@xpack-dev-tools/arm-none-eabi-gcc/10.2.1-1.1.2/.content/bin/../lib/gcc/arm-none-eabi/10.2.1/thumb/v7-m/nofp\libgcc.a(unwind-arm.o)
 .ARM.exidx.text.__gnu_Unwind_ForcedUnwind
                0x0000000008004eb4        0x8 c:/users/user/appdata/roaming/code/user/globalstorage/bmd.stm32-for-vscode/@xpack-dev-tools/arm-none-eabi-gcc/10.2.1-1.1.2/.content/bin/../lib/gcc/arm-none-eabi/10.2.1/thumb/v7-m/nofp\libgcc.a(unwind-arm.o)
 .ARM.exidx.text.__gnu_Unwind_Resume
                0x0000000008004ebc        0x8 c:/users/user/appdata/roaming/code/user/globalstorage/bmd.stm32-for-vscode/@xpack-dev-tools/arm-none-eabi-gcc/10.2.1-1.1.2/.content/bin/../lib/gcc/arm-none-eabi/10.2.1/thumb/v7-m/nofp\libgcc.a(unwind-arm.o)
 .ARM.exidx.text.__gnu_Unwind_Resume_or_Rethrow
                0x0000000008004ec4        0x8 c:/users/user/appdata/roaming/code/user/globalstorage/bmd.stm32-for-vscode/@xpack-dev-tools/arm-none-eabi-gcc/10.2.1-1.1.2/.content/bin/../lib/gcc/arm-none-eabi/10.2.1/thumb/v7-m/nofp\libgcc.a(unwind-arm.o)
 .ARM.exidx.text._Unwind_VRS_Get
                0x0000000008004ecc        0x0 c:/users/user/appdata/roaming/code/user/globalstorage/bmd.stm32-for-vscode/@xpack-dev-tools/arm-none-eabi-gcc/10.2.1-1.1.2/.content/bin/../lib/gcc/arm-none-eabi/10.2.1/thumb/v7-m/nofp\libgcc.a(unwind-arm.o)
                                          0x8 (size before relaxing)
 .ARM.exidx.text._Unwind_GetGR
                0x0000000008004ecc        0x0 c:/users/user/appdata/roaming/code/user/globalstorage/bmd.stm32-for-vscode/@xpack-dev-tools/arm-none-eabi-gcc/10.2.1-1.1.2/.content/bin/../lib/gcc/arm-none-eabi/10.2.1/thumb/v7-m/nofp\libgcc.a(unwind-arm.o)
                                          0x8 (size before relaxing)
 .ARM.exidx.text._Unwind_VRS_Set
                0x0000000008004ecc        0x0 c:/users/user/appdata/roaming/code/user/globalstorage/bmd.stm32-for-vscode/@xpack-dev-tools/arm-none-eabi-gcc/10.2.1-1.1.2/.content/bin/../lib/gcc/arm-none-eabi/10.2.1/thumb/v7-m/nofp\libgcc.a(unwind-arm.o)
                                          0x8 (size before relaxing)
 .ARM.exidx.text._Unwind_SetGR
                0x0000000008004ecc        0x0 c:/users/user/appdata/roaming/code/user/globalstorage/bmd.stm32-for-vscode/@xpack-dev-tools/arm-none-eabi-gcc/10.2.1-1.1.2/.content/bin/../lib/gcc/arm-none-eabi/10.2.1/thumb/v7-m/nofp\libgcc.a(unwind-arm.o)
                                          0x8 (size before relaxing)
 .ARM.exidx.text.__gnu_Unwind_Backtrace
                0x0000000008004ecc        0x8 c:/users/user/appdata/roaming/code/user/globalstorage/bmd.stm32-for-vscode/@xpack-dev-tools/arm-none-eabi-gcc/10.2.1-1.1.2/.content/bin/../lib/gcc/arm-none-eabi/10.2.1/thumb/v7-m/nofp\libgcc.a(unwind-arm.o)
 .ARM.exidx.text.__gnu_unwind_pr_common
                0x0000000008004ed4        0x8 c:/users/user/appdata/roaming/code/user/globalstorage/bmd.stm32-for-vscode/@xpack-dev-tools/arm-none-eabi-gcc/10.2.1-1.1.2/.content/bin/../lib/gcc/arm-none-eabi/10.2.1/thumb/v7-m/nofp\libgcc.a(unwind-arm.o)
 .ARM.exidx.text.__aeabi_unwind_cpp_pr0
                0x0000000008004edc        0x8 c:/users/user/appdata/roaming/code/user/globalstorage/bmd.stm32-for-vscode/@xpack-dev-tools/arm-none-eabi-gcc/10.2.1-1.1.2/.content/bin/../lib/gcc/arm-none-eabi/10.2.1/thumb/v7-m/nofp\libgcc.a(unwind-arm.o)
 .ARM.exidx.text.__aeabi_unwind_cpp_pr1
                0x0000000008004ee4        0x0 c:/users/user/appdata/roaming/code/user/globalstorage/bmd.stm32-for-vscode/@xpack-dev-tools/arm-none-eabi-gcc/10.2.1-1.1.2/.content/bin/../lib/gcc/arm-none-eabi/10.2.1/thumb/v7-m/nofp\libgcc.a(unwind-arm.o)
                                          0x8 (size before relaxing)
 .ARM.exidx.text.__aeabi_unwind_cpp_pr2
                0x0000000008004ee4        0x0 c:/users/user/appdata/roaming/code/user/globalstorage/bmd.stm32-for-vscode/@xpack-dev-tools/arm-none-eabi-gcc/10.2.1-1.1.2/.content/bin/../lib/gcc/arm-none-eabi/10.2.1/thumb/v7-m/nofp\libgcc.a(unwind-arm.o)
                                          0x8 (size before relaxing)
 .ARM.exidx.text._Unwind_VRS_Pop
                0x0000000008004ee4        0x8 c:/users/user/appdata/roaming/code/user/globalstorage/bmd.stm32-for-vscode/@xpack-dev-tools/arm-none-eabi-gcc/10.2.1-1.1.2/.content/bin/../lib/gcc/arm-none-eabi/10.2.1/thumb/v7-m/nofp\libgcc.a(unwind-arm.o)
 .ARM.exidx.text.next_unwind_byte
                0x0000000008004eec        0x8 c:/users/user/appdata/roaming/code/user/globalstorage/bmd.stm32-for-vscode/@xpack-dev-tools/arm-none-eabi-gcc/10.2.1-1.1.2/.content/bin/../lib/gcc/arm-none-eabi/10.2.1/thumb/v7-m/nofp\libgcc.a(pr-support.o)
 .ARM.exidx.text.__gnu_unwind_execute
                0x0000000008004ef4        0x8 c:/users/user/appdata/roaming/code/user/globalstorage/bmd.stm32-for-vscode/@xpack-dev-tools/arm-none-eabi-gcc/10.2.1-1.1.2/.content/bin/../lib/gcc/arm-none-eabi/10.2.1/thumb/v7-m/nofp\libgcc.a(pr-support.o)
 .ARM.exidx.text.abort
                0x0000000008004efc        0x8 c:/users/user/appdata/roaming/code/user/globalstorage/bmd.stm32-for-vscode/@xpack-dev-tools/arm-none-eabi-gcc/10.2.1-1.1.2/.content/bin/../lib/gcc/arm-none-eabi/10.2.1/../../../../arm-none-eabi/lib/thumb/v7-m/nofp\libc.a(lib_a-abort.o)
 .ARM.exidx.text.raise
                0x0000000008004f04        0x8 c:/users/user/appdata/roaming/code/user/globalstorage/bmd.stm32-for-vscode/@xpack-dev-tools/arm-none-eabi-gcc/10.2.1-1.1.2/.content/bin/../lib/gcc/arm-none-eabi/10.2.1/../../../../arm-none-eabi/lib/thumb/v7-m/nofp\libc.a(lib_a-signal.o)
 .ARM.exidx.text._kill_r
                0x0000000008004f0c        0x8 c:/users/user/appdata/roaming/code/user/globalstorage/bmd.stm32-for-vscode/@xpack-dev-tools/arm-none-eabi-gcc/10.2.1-1.1.2/.content/bin/../lib/gcc/arm-none-eabi/10.2.1/../../../../arm-none-eabi/lib/thumb/v7-m/nofp\libc.a(lib_a-signalr.o)
 .ARM.exidx.text._getpid_r
                0x0000000008004f14        0x8 c:/users/user/appdata/roaming/code/user/globalstorage/bmd.stm32-for-vscode/@xpack-dev-tools/arm-none-eabi-gcc/10.2.1-1.1.2/.content/bin/../lib/gcc/arm-none-eabi/10.2.1/../../../../arm-none-eabi/lib/thumb/v7-m/nofp\libc.a(lib_a-signalr.o)
 .ARM.exidx.text._getpid
                0x0000000008004f1c        0x0 c:/users/user/appdata/roaming/code/user/globalstorage/bmd.stm32-for-vscode/@xpack-dev-tools/arm-none-eabi-gcc/10.2.1-1.1.2/.content/bin/../lib/gcc/arm-none-eabi/10.2.1/../../../../arm-none-eabi/lib/thumb/v7-m/nofp\libnosys.a(getpid.o)
                                          0x8 (size before relaxing)
 .ARM.exidx.text._kill
                0x0000000008004f1c        0x0 c:/users/user/appdata/roaming/code/user/globalstorage/bmd.stm32-for-vscode/@xpack-dev-tools/arm-none-eabi-gcc/10.2.1-1.1.2/.content/bin/../lib/gcc/arm-none-eabi/10.2.1/../../../../arm-none-eabi/lib/thumb/v7-m/nofp\libnosys.a(kill.o)
                                          0x8 (size before relaxing)
                0x0000000008004f1c                __exidx_end = .

.rel.dyn        0x0000000008004f1c        0x0
 .rel.iplt      0x0000000008004f1c        0x0 c:/users/user/appdata/roaming/code/user/globalstorage/bmd.stm32-for-vscode/@xpack-dev-tools/arm-none-eabi-gcc/10.2.1-1.1.2/.content/bin/../lib/gcc/arm-none-eabi/10.2.1/thumb/v7-m/nofp/crtbegin.o

.preinit_array  0x0000000008004f1c        0x0
                0x0000000008004f1c                PROVIDE (__preinit_array_start = .)
 *(.preinit_array*)
                0x0000000008004f1c                PROVIDE (__preinit_array_end = .)

.init_array     0x0000000008004f1c        0x8
                0x0000000008004f1c                PROVIDE (__init_array_start = .)
 *(SORT_BY_NAME(.init_array.*))
 .init_array.00000
                0x0000000008004f1c        0x4 c:/users/user/appdata/roaming/code/user/globalstorage/bmd.stm32-for-vscode/@xpack-dev-tools/arm-none-eabi-gcc/10.2.1-1.1.2/.content/bin/../lib/gcc/arm-none-eabi/10.2.1/../../../../arm-none-eabi/lib/thumb/v7-m/nofp\libc.a(lib_a-__call_atexit.o)
 *(.init_array*)
 .init_array    0x0000000008004f20        0x4 c:/users/user/appdata/roaming/code/user/globalstorage/bmd.stm32-for-vscode/@xpack-dev-tools/arm-none-eabi-gcc/10.2.1-1.1.2/.content/bin/../lib/gcc/arm-none-eabi/10.2.1/thumb/v7-m/nofp/crtbegin.o
                0x0000000008004f24                PROVIDE (__init_array_end = .)

.fini_array     0x0000000008004f24        0x4
                0x0000000008004f24                PROVIDE (__fini_array_start = .)
 *(SORT_BY_NAME(.fini_array.*))
 *(.fini_array*)
 .fini_array    0x0000000008004f24        0x4 c:/users/user/appdata/roaming/code/user/globalstorage/bmd.stm32-for-vscode/@xpack-dev-tools/arm-none-eabi-gcc/10.2.1-1.1.2/.content/bin/../lib/gcc/arm-none-eabi/10.2.1/thumb/v7-m/nofp/crtbegin.o
                0x0000000008004f28                PROVIDE (__fini_array_end = .)
                0x0000000008004f28                _sidata = LOADADDR (.data)

.data           0x0000000020000000      0x454 load address 0x0000000008004f28
                0x0000000020000000                . = ALIGN (0x4)
                0x0000000020000000                _sdata = .
 *(.data)
 *(.data*)
 .data.Detector_Kg
                0x0000000020000000        0x4 build/Detector.o
 .data.stat_end
                0x0000000020000004        0x4 build/stat.o
 .data.coef     0x0000000020000008        0x4 build/main.o
                0x0000000020000008                coef
 .data.detector_Addr
                0x000000002000000c        0x1 build/main.o
                0x000000002000000c                detector_Addr
 *fill*         0x000000002000000d        0x3 
 .data.rx_buff_ptr.0
                0x0000000020000010        0x4 build/main.o
 .data.SystemCoreClock
                0x0000000020000014        0x4 build/system_stm32f1xx.o
                0x0000000020000014                SystemCoreClock
 .data.uwTickFreq
                0x0000000020000018        0x1 build/stm32f1xx_hal.o
                0x0000000020000018                uwTickFreq
 *fill*         0x0000000020000019        0x3 
 .data.uwTickPrio
                0x000000002000001c        0x4 build/stm32f1xx_hal.o
                0x000000002000001c                uwTickPrio
 .data._impure_ptr
                0x0000000020000020        0x4 c:/users/user/appdata/roaming/code/user/globalstorage/bmd.stm32-for-vscode/@xpack-dev-tools/arm-none-eabi-gcc/10.2.1-1.1.2/.content/bin/../lib/gcc/arm-none-eabi/10.2.1/../../../../arm-none-eabi/lib/thumb/v7-m/nofp\libc.a(lib_a-impure.o)
                0x0000000020000020                _impure_ptr
 *fill*         0x0000000020000024        0x4 
 .data.impure_data
                0x0000000020000028      0x428 c:/users/user/appdata/roaming/code/user/globalstorage/bmd.stm32-for-vscode/@xpack-dev-tools/arm-none-eabi-gcc/10.2.1-1.1.2/.content/bin/../lib/gcc/arm-none-eabi/10.2.1/../../../../arm-none-eabi/lib/thumb/v7-m/nofp\libc.a(lib_a-impure.o)
 .data.__atexit_recursive_mutex
                0x0000000020000450        0x4 c:/users/user/appdata/roaming/code/user/globalstorage/bmd.stm32-for-vscode/@xpack-dev-tools/arm-none-eabi-gcc/10.2.1-1.1.2/.content/bin/../lib/gcc/arm-none-eabi/10.2.1/../../../../arm-none-eabi/lib/thumb/v7-m/nofp\libc.a(lib_a-__call_atexit.o)
                0x0000000020000450                __atexit_recursive_mutex
                0x0000000020000454                . = ALIGN (0x4)
                0x0000000020000454                _edata = .

.igot.plt       0x0000000020000454        0x0 load address 0x000000000800537c
 .igot.plt      0x0000000020000454        0x0 c:/users/user/appdata/roaming/code/user/globalstorage/bmd.stm32-for-vscode/@xpack-dev-tools/arm-none-eabi-gcc/10.2.1-1.1.2/.content/bin/../lib/gcc/arm-none-eabi/10.2.1/thumb/v7-m/nofp/crtbegin.o
                0x0000000020000454                . = ALIGN (0x4)

.bss            0x0000000020000458      0x9f0 load address 0x000000000800537c
                0x0000000020000458                _sbss = .
                0x0000000020000458                __bss_start__ = _sbss
 *(.bss)
 *(.bss*)
 .bss.completed.1
                0x0000000020000458        0x1 c:/users/user/appdata/roaming/code/user/globalstorage/bmd.stm32-for-vscode/@xpack-dev-tools/arm-none-eabi-gcc/10.2.1-1.1.2/.content/bin/../lib/gcc/arm-none-eabi/10.2.1/thumb/v7-m/nofp/crtbegin.o
 *fill*         0x0000000020000459        0x3 
 .bss.object.0  0x000000002000045c       0x18 c:/users/user/appdata/roaming/code/user/globalstorage/bmd.stm32-for-vscode/@xpack-dev-tools/arm-none-eabi-gcc/10.2.1-1.1.2/.content/bin/../lib/gcc/arm-none-eabi/10.2.1/thumb/v7-m/nofp/crtbegin.o
 .bss.Detector_Bg
                0x0000000020000474        0x4 build/Detector.o
 .bss.FW5Data   0x0000000020000478       0x9c build/FindX.o
                0x0000000020000478                FW5Data
 .bss.Find_Sigma
                0x0000000020000514        0x4 build/FindX.o
 .bss.K.3       0x0000000020000518        0x4 build/FindX.o
 .bss.Kmax.2    0x000000002000051c        0x4 build/FindX.o
 .bss.Porog_cpsi.0
                0x0000000020000520        0x4 build/FindX.o
 .bss.SDTi.4    0x0000000020000524        0x2 build/FindX.o
 *fill*         0x0000000020000526        0x2 
 .bss.Sours_cpsi.1
                0x0000000020000528        0x4 build/FindX.o
 .bss.TFW5_Tcall
                0x000000002000052c        0x2 build/FindX.o
 .bss._out      0x000000002000052e        0x2 build/FindX.o
                0x000000002000052e                _out
 .bss.i.5       0x0000000020000530        0x2 build/FindX.o
 *fill*         0x0000000020000532        0x2 
 .bss.CPS       0x0000000020000534        0x4 build/StatPM.o
 .bss.Delta     0x0000000020000538        0x1 build/StatPM.o
 *fill*         0x0000000020000539        0x1 
 .bss.FindChange
                0x000000002000053a        0x2 build/StatPM.o
                0x000000002000053a                FindChange
 *fill*         0x000000002000053c        0x4 
 .bss.CPS.1     0x0000000020000540        0x8 build/stat.o
 .bss.Delta.0   0x0000000020000548        0x1 build/stat.o
 *fill*         0x0000000020000549        0x7 
 .bss.Time.2    0x0000000020000550        0x8 build/stat.o
 .bss.reject_1_second
                0x0000000020000558        0x1 build/stat.o
 *fill*         0x0000000020000559        0x3 
 .bss.stat_elem_n
                0x000000002000055c        0x9 build/stat.o
 *fill*         0x0000000020000565        0x3 
 .bss.statistic
                0x0000000020000568      0x280 build/stat.o
 .bss.tau       0x00000000200007e8        0x4 build/stat.o
 .bss.tau_1x    0x00000000200007ec        0x4 build/stat.o
 .bss.AddressOk
                0x00000000200007f0        0x1 build/main.o
                0x00000000200007f0                AddressOk
 .bss.currCommand
                0x00000000200007f1        0x1 build/main.o
                0x00000000200007f1                currCommand
 *fill*         0x00000000200007f2        0x2 
 .bss.detector  0x00000000200007f4       0x38 build/main.o
                0x00000000200007f4                detector
 .bss.fuckIndex
                0x000000002000082c        0x2 build/main.o
                0x000000002000082c                fuckIndex
 *fill*         0x000000002000082e        0x2 
 .bss.fuck_buff
                0x0000000020000830      0x400 build/main.o
                0x0000000020000830                fuck_buff
 .bss.globalTickCount
                0x0000000020000c30        0x2 build/main.o
                0x0000000020000c30                globalTickCount
 *fill*         0x0000000020000c32        0x2 
 .bss.hadc1     0x0000000020000c34       0x30 build/main.o
                0x0000000020000c34                hadc1
 .bss.huart1    0x0000000020000c64       0x44 build/main.o
                0x0000000020000c64                huart1
 .bss.huart2    0x0000000020000ca8       0x44 build/main.o
                0x0000000020000ca8                huart2
 .bss.lenght    0x0000000020000cec        0x1 build/main.o
                0x0000000020000cec                lenght
 *fill*         0x0000000020000ced        0x3 
 .bss.master    0x0000000020000cf0       0x10 build/main.o
                0x0000000020000cf0                master
 .bss.rx_buff   0x0000000020000d00      0x100 build/main.o
                0x0000000020000d00                rx_buff
 .bss.rx_flag   0x0000000020000e00        0x1 build/main.o
                0x0000000020000e00                rx_flag
 *fill*         0x0000000020000e01        0x3 
 .bss.slave     0x0000000020000e04        0xc build/main.o
                0x0000000020000e04                slave
 .bss.stat      0x0000000020000e10        0xc build/main.o
                0x0000000020000e10                stat
 .bss.tickcount1
                0x0000000020000e1c        0x2 build/main.o
                0x0000000020000e1c                tickcount1
 .bss.tickcount2
                0x0000000020000e1e        0x2 build/main.o
                0x0000000020000e1e                tickcount2
 .bss.time      0x0000000020000e20        0x2 build/main.o
                0x0000000020000e20                time
 .bss.time250ms
                0x0000000020000e22        0x1 build/main.o
                0x0000000020000e22                time250ms
 *fill*         0x0000000020000e23        0x1 
 .bss.tx_buff   0x0000000020000e24       0x10 build/main.o
                0x0000000020000e24                tx_buff
 .bss.uSvValue  0x0000000020000e34        0x4 build/main.o
                0x0000000020000e34                uSvValue
 .bss.voltage   0x0000000020000e38        0x2 build/main.o
                0x0000000020000e38                voltage
 *fill*         0x0000000020000e3a        0x2 
 .bss.uwTick    0x0000000020000e3c        0x4 build/stm32f1xx_hal.o
                0x0000000020000e3c                uwTick
 .bss.__lock___atexit_recursive_mutex
                0x0000000020000e40        0x1 c:/users/user/appdata/roaming/code/user/globalstorage/bmd.stm32-for-vscode/@xpack-dev-tools/arm-none-eabi-gcc/10.2.1-1.1.2/.content/bin/../lib/gcc/arm-none-eabi/10.2.1/../../../../arm-none-eabi/lib/thumb/v7-m/nofp\libc.a(lib_a-lock.o)
                0x0000000020000e40                __lock___atexit_recursive_mutex
 *fill*         0x0000000020000e41        0x3 
 .bss.errno     0x0000000020000e44        0x4 c:/users/user/appdata/roaming/code/user/globalstorage/bmd.stm32-for-vscode/@xpack-dev-tools/arm-none-eabi-gcc/10.2.1-1.1.2/.content/bin/../lib/gcc/arm-none-eabi/10.2.1/../../../../arm-none-eabi/lib/thumb/v7-m/nofp\libc.a(lib_a-reent.o)
                0x0000000020000e44                errno
 *(COMMON)
                0x0000000020000e48                . = ALIGN (0x4)
                0x0000000020000e48                _ebss = .
                0x0000000020000e48                __bss_end__ = _ebss

._user_heap_stack
                0x0000000020000e48      0x600 load address 0x000000000800537c
                0x0000000020000e48                . = ALIGN (0x8)
                0x0000000020000e48                PROVIDE (end = .)
                [!provide]                        PROVIDE (_end = .)
                0x0000000020001048                . = (. + _Min_Heap_Size)
 *fill*         0x0000000020000e48      0x200 
                0x0000000020001448                . = (. + _Min_Stack_Size)
 *fill*         0x0000000020001048      0x400 
                0x0000000020001448                . = ALIGN (0x8)

/DISCARD/
 libc.a(*)
 libm.a(*)
 libgcc.a(*)

.ARM.attributes
                0x0000000000000000       0x29
 *(.ARM.attributes)
 .ARM.attributes
                0x0000000000000000       0x1d c:/users/user/appdata/roaming/code/user/globalstorage/bmd.stm32-for-vscode/@xpack-dev-tools/arm-none-eabi-gcc/10.2.1-1.1.2/.content/bin/../lib/gcc/arm-none-eabi/10.2.1/thumb/v7-m/nofp/crti.o
 .ARM.attributes
                0x000000000000001d       0x2d c:/users/user/appdata/roaming/code/user/globalstorage/bmd.stm32-for-vscode/@xpack-dev-tools/arm-none-eabi-gcc/10.2.1-1.1.2/.content/bin/../lib/gcc/arm-none-eabi/10.2.1/thumb/v7-m/nofp/crtbegin.o
 .ARM.attributes
                0x000000000000004a       0x2d build/Detector.o
 .ARM.attributes
                0x0000000000000077       0x2d build/FindX.o
 .ARM.attributes
                0x00000000000000a4       0x2d build/StatPM.o
 .ARM.attributes
                0x00000000000000d1       0x2d build/stat.o
 .ARM.attributes
                0x00000000000000fe       0x2d build/NOS_ModBus.o
 .ARM.attributes
                0x000000000000012b       0x2d build/main.o
 .ARM.attributes
                0x0000000000000158       0x2d build/stm32f1xx_hal_msp.o
 .ARM.attributes
                0x0000000000000185       0x2d build/stm32f1xx_it.o
 .ARM.attributes
                0x00000000000001b2       0x2d build/system_stm32f1xx.o
 .ARM.attributes
                0x00000000000001df       0x2d build/stm32f1xx_hal.o
 .ARM.attributes
                0x000000000000020c       0x2d build/stm32f1xx_hal_adc.o
 .ARM.attributes
                0x0000000000000239       0x2d build/stm32f1xx_hal_adc_ex.o
 .ARM.attributes
                0x0000000000000266       0x2d build/stm32f1xx_hal_cortex.o
 .ARM.attributes
                0x0000000000000293       0x2d build/stm32f1xx_hal_dma.o
 .ARM.attributes
                0x00000000000002c0       0x2d build/stm32f1xx_hal_gpio.o
 .ARM.attributes
                0x00000000000002ed       0x2d build/stm32f1xx_hal_rcc.o
 .ARM.attributes
                0x000000000000031a       0x2d build/stm32f1xx_hal_rcc_ex.o
 .ARM.attributes
                0x0000000000000347       0x2d build/stm32f1xx_hal_uart.o
 .ARM.attributes
                0x0000000000000374       0x21 build/startup_stm32f103xb.o
 .ARM.attributes
                0x0000000000000395       0x2d c:/users/user/appdata/roaming/code/user/globalstorage/bmd.stm32-for-vscode/@xpack-dev-tools/arm-none-eabi-gcc/10.2.1-1.1.2/.content/bin/../lib/gcc/arm-none-eabi/10.2.1/../../../../arm-none-eabi/lib/thumb/v7-m/nofp\libc.a(lib_a-impure.o)
 .ARM.attributes
                0x00000000000003c2       0x2d c:/users/user/appdata/roaming/code/user/globalstorage/bmd.stm32-for-vscode/@xpack-dev-tools/arm-none-eabi-gcc/10.2.1-1.1.2/.content/bin/../lib/gcc/arm-none-eabi/10.2.1/../../../../arm-none-eabi/lib/thumb/v7-m/nofp\libc.a(lib_a-init.o)
 .ARM.attributes
                0x00000000000003ef       0x2d c:/users/user/appdata/roaming/code/user/globalstorage/bmd.stm32-for-vscode/@xpack-dev-tools/arm-none-eabi-gcc/10.2.1-1.1.2/.content/bin/../lib/gcc/arm-none-eabi/10.2.1/../../../../arm-none-eabi/lib/thumb/v7-m/nofp\libc.a(lib_a-memmove.o)
 .ARM.attributes
                0x000000000000041c       0x2d c:/users/user/appdata/roaming/code/user/globalstorage/bmd.stm32-for-vscode/@xpack-dev-tools/arm-none-eabi-gcc/10.2.1-1.1.2/.content/bin/../lib/gcc/arm-none-eabi/10.2.1/../../../../arm-none-eabi/lib/thumb/v7-m/nofp\libc.a(lib_a-memset.o)
 .ARM.attributes
                0x0000000000000449       0x2d c:/users/user/appdata/roaming/code/user/globalstorage/bmd.stm32-for-vscode/@xpack-dev-tools/arm-none-eabi-gcc/10.2.1-1.1.2/.content/bin/../lib/gcc/arm-none-eabi/10.2.1/../../../../arm-none-eabi/lib/thumb/v7-m/nofp\libc.a(lib_a-__call_atexit.o)
 .ARM.attributes
                0x0000000000000476       0x2d c:/users/user/appdata/roaming/code/user/globalstorage/bmd.stm32-for-vscode/@xpack-dev-tools/arm-none-eabi-gcc/10.2.1-1.1.2/.content/bin/../lib/gcc/arm-none-eabi/10.2.1/../../../../arm-none-eabi/lib/thumb/v7-m/nofp\libc.a(lib_a-fini.o)
 .ARM.attributes
                0x00000000000004a3       0x2d c:/users/user/appdata/roaming/code/user/globalstorage/bmd.stm32-for-vscode/@xpack-dev-tools/arm-none-eabi-gcc/10.2.1-1.1.2/.content/bin/../lib/gcc/arm-none-eabi/10.2.1/../../../../arm-none-eabi/lib/thumb/v7-m/nofp\libc.a(lib_a-lock.o)
 .ARM.attributes
                0x00000000000004d0       0x2d c:/users/user/appdata/roaming/code/user/globalstorage/bmd.stm32-for-vscode/@xpack-dev-tools/arm-none-eabi-gcc/10.2.1-1.1.2/.content/bin/../lib/gcc/arm-none-eabi/10.2.1/../../../../arm-none-eabi/lib/thumb/v7-m/nofp\libc.a(lib_a-atexit.o)
 .ARM.attributes
                0x00000000000004fd       0x2d c:/users/user/appdata/roaming/code/user/globalstorage/bmd.stm32-for-vscode/@xpack-dev-tools/arm-none-eabi-gcc/10.2.1-1.1.2/.content/bin/../lib/gcc/arm-none-eabi/10.2.1/../../../../arm-none-eabi/lib/thumb/v7-m/nofp\libc.a(lib_a-__atexit.o)
 .ARM.attributes
                0x000000000000052a       0x2d c:/users/user/appdata/roaming/code/user/globalstorage/bmd.stm32-for-vscode/@xpack-dev-tools/arm-none-eabi-gcc/10.2.1-1.1.2/.content/bin/../lib/gcc/arm-none-eabi/10.2.1/../../../../arm-none-eabi/lib/thumb/v7-m/nofp\libnosys.a(_exit.o)
 .ARM.attributes
                0x0000000000000557       0x1d c:/users/user/appdata/roaming/code/user/globalstorage/bmd.stm32-for-vscode/@xpack-dev-tools/arm-none-eabi-gcc/10.2.1-1.1.2/.content/bin/../lib/gcc/arm-none-eabi/10.2.1/thumb/v7-m/nofp\libgcc.a(_arm_addsubdf3.o)
 .ARM.attributes
                0x0000000000000574       0x1d c:/users/user/appdata/roaming/code/user/globalstorage/bmd.stm32-for-vscode/@xpack-dev-tools/arm-none-eabi-gcc/10.2.1-1.1.2/.content/bin/../lib/gcc/arm-none-eabi/10.2.1/thumb/v7-m/nofp\libgcc.a(_arm_muldivdf3.o)
 .ARM.attributes
                0x0000000000000591       0x1d c:/users/user/appdata/roaming/code/user/globalstorage/bmd.stm32-for-vscode/@xpack-dev-tools/arm-none-eabi-gcc/10.2.1-1.1.2/.content/bin/../lib/gcc/arm-none-eabi/10.2.1/thumb/v7-m/nofp\libgcc.a(_arm_cmpdf2.o)
 .ARM.attributes
                0x00000000000005ae       0x1d c:/users/user/appdata/roaming/code/user/globalstorage/bmd.stm32-for-vscode/@xpack-dev-tools/arm-none-eabi-gcc/10.2.1-1.1.2/.content/bin/../lib/gcc/arm-none-eabi/10.2.1/thumb/v7-m/nofp\libgcc.a(_arm_truncdfsf2.o)
 .ARM.attributes
                0x00000000000005cb       0x1d c:/users/user/appdata/roaming/code/user/globalstorage/bmd.stm32-for-vscode/@xpack-dev-tools/arm-none-eabi-gcc/10.2.1-1.1.2/.content/bin/../lib/gcc/arm-none-eabi/10.2.1/thumb/v7-m/nofp\libgcc.a(_arm_addsubsf3.o)
 .ARM.attributes
                0x00000000000005e8       0x1d c:/users/user/appdata/roaming/code/user/globalstorage/bmd.stm32-for-vscode/@xpack-dev-tools/arm-none-eabi-gcc/10.2.1-1.1.2/.content/bin/../lib/gcc/arm-none-eabi/10.2.1/thumb/v7-m/nofp\libgcc.a(_arm_muldivsf3.o)
 .ARM.attributes
                0x0000000000000605       0x1d c:/users/user/appdata/roaming/code/user/globalstorage/bmd.stm32-for-vscode/@xpack-dev-tools/arm-none-eabi-gcc/10.2.1-1.1.2/.content/bin/../lib/gcc/arm-none-eabi/10.2.1/thumb/v7-m/nofp\libgcc.a(_arm_cmpsf2.o)
 .ARM.attributes
                0x0000000000000622       0x1d c:/users/user/appdata/roaming/code/user/globalstorage/bmd.stm32-for-vscode/@xpack-dev-tools/arm-none-eabi-gcc/10.2.1-1.1.2/.content/bin/../lib/gcc/arm-none-eabi/10.2.1/thumb/v7-m/nofp\libgcc.a(_arm_fixunssfsi.o)
 .ARM.attributes
                0x000000000000063f       0x2d c:/users/user/appdata/roaming/code/user/globalstorage/bmd.stm32-for-vscode/@xpack-dev-tools/arm-none-eabi-gcc/10.2.1-1.1.2/.content/bin/../lib/gcc/arm-none-eabi/10.2.1/thumb/v7-m/nofp\libgcc.a(unwind-arm.o)
 .ARM.attributes
                0x000000000000066c       0x1d c:/users/user/appdata/roaming/code/user/globalstorage/bmd.stm32-for-vscode/@xpack-dev-tools/arm-none-eabi-gcc/10.2.1-1.1.2/.content/bin/../lib/gcc/arm-none-eabi/10.2.1/thumb/v7-m/nofp\libgcc.a(libunwind.o)
 .ARM.attributes
                0x0000000000000689       0x2d c:/users/user/appdata/roaming/code/user/globalstorage/bmd.stm32-for-vscode/@xpack-dev-tools/arm-none-eabi-gcc/10.2.1-1.1.2/.content/bin/../lib/gcc/arm-none-eabi/10.2.1/thumb/v7-m/nofp\libgcc.a(pr-support.o)
 .ARM.attributes
                0x00000000000006b6       0x2d c:/users/user/appdata/roaming/code/user/globalstorage/bmd.stm32-for-vscode/@xpack-dev-tools/arm-none-eabi-gcc/10.2.1-1.1.2/.content/bin/../lib/gcc/arm-none-eabi/10.2.1/../../../../arm-none-eabi/lib/thumb/v7-m/nofp\libc.a(lib_a-abort.o)
 .ARM.attributes
                0x00000000000006e3       0x1b c:/users/user/appdata/roaming/code/user/globalstorage/bmd.stm32-for-vscode/@xpack-dev-tools/arm-none-eabi-gcc/10.2.1-1.1.2/.content/bin/../lib/gcc/arm-none-eabi/10.2.1/../../../../arm-none-eabi/lib/thumb/v7-m/nofp\libc.a(lib_a-memcpy.o)
 .ARM.attributes
                0x00000000000006fe       0x2d c:/users/user/appdata/roaming/code/user/globalstorage/bmd.stm32-for-vscode/@xpack-dev-tools/arm-none-eabi-gcc/10.2.1-1.1.2/.content/bin/../lib/gcc/arm-none-eabi/10.2.1/../../../../arm-none-eabi/lib/thumb/v7-m/nofp\libc.a(lib_a-signal.o)
 .ARM.attributes
                0x000000000000072b       0x2d c:/users/user/appdata/roaming/code/user/globalstorage/bmd.stm32-for-vscode/@xpack-dev-tools/arm-none-eabi-gcc/10.2.1-1.1.2/.content/bin/../lib/gcc/arm-none-eabi/10.2.1/../../../../arm-none-eabi/lib/thumb/v7-m/nofp\libc.a(lib_a-signalr.o)
 .ARM.attributes
                0x0000000000000758       0x2d c:/users/user/appdata/roaming/code/user/globalstorage/bmd.stm32-for-vscode/@xpack-dev-tools/arm-none-eabi-gcc/10.2.1-1.1.2/.content/bin/../lib/gcc/arm-none-eabi/10.2.1/../../../../arm-none-eabi/lib/thumb/v7-m/nofp\libc.a(lib_a-reent.o)
 .ARM.attributes
                0x0000000000000785       0x2d c:/users/user/appdata/roaming/code/user/globalstorage/bmd.stm32-for-vscode/@xpack-dev-tools/arm-none-eabi-gcc/10.2.1-1.1.2/.content/bin/../lib/gcc/arm-none-eabi/10.2.1/../../../../arm-none-eabi/lib/thumb/v7-m/nofp\libnosys.a(getpid.o)
 .ARM.attributes
                0x00000000000007b2       0x2d c:/users/user/appdata/roaming/code/user/globalstorage/bmd.stm32-for-vscode/@xpack-dev-tools/arm-none-eabi-gcc/10.2.1-1.1.2/.content/bin/../lib/gcc/arm-none-eabi/10.2.1/../../../../arm-none-eabi/lib/thumb/v7-m/nofp\libnosys.a(kill.o)
 .ARM.attributes
                0x00000000000007df       0x1d c:/users/user/appdata/roaming/code/user/globalstorage/bmd.stm32-for-vscode/@xpack-dev-tools/arm-none-eabi-gcc/10.2.1-1.1.2/.content/bin/../lib/gcc/arm-none-eabi/10.2.1/thumb/v7-m/nofp/crtn.o
OUTPUT(build/GM2(new).elf elf32-littlearm)
LOAD linker stubs
LOAD c:/users/user/appdata/roaming/code/user/globalstorage/bmd.stm32-for-vscode/@xpack-dev-tools/arm-none-eabi-gcc/10.2.1-1.1.2/.content/bin/../lib/gcc/arm-none-eabi/10.2.1/../../../../arm-none-eabi/lib/thumb/v7-m/nofp\libc.a
LOAD c:/users/user/appdata/roaming/code/user/globalstorage/bmd.stm32-for-vscode/@xpack-dev-tools/arm-none-eabi-gcc/10.2.1-1.1.2/.content/bin/../lib/gcc/arm-none-eabi/10.2.1/../../../../arm-none-eabi/lib/thumb/v7-m/nofp\libm.a
LOAD c:/users/user/appdata/roaming/code/user/globalstorage/bmd.stm32-for-vscode/@xpack-dev-tools/arm-none-eabi-gcc/10.2.1-1.1.2/.content/bin/../lib/gcc/arm-none-eabi/10.2.1/thumb/v7-m/nofp\libgcc.a

.debug_info     0x0000000000000000     0xc9f1
 .debug_info    0x0000000000000000      0x4ad build/Detector.o
 .debug_info    0x00000000000004ad      0x7b5 build/FindX.o
 .debug_info    0x0000000000000c62      0x47f build/StatPM.o
 .debug_info    0x00000000000010e1      0xb43 build/stat.o
 .debug_info    0x0000000000001c24      0x533 build/NOS_ModBus.o
 .debug_info    0x0000000000002157     0x1cbd build/main.o
 .debug_info    0x0000000000003e14      0xf29 build/stm32f1xx_hal_msp.o
 .debug_info    0x0000000000004d3d      0x960 build/stm32f1xx_it.o
 .debug_info    0x000000000000569d      0x26e build/system_stm32f1xx.o
 .debug_info    0x000000000000590b      0x855 build/stm32f1xx_hal.o
 .debug_info    0x0000000000006160     0x1025 build/stm32f1xx_hal_adc.o
 .debug_info    0x0000000000007185      0xd14 build/stm32f1xx_hal_adc_ex.o
 .debug_info    0x0000000000007e99      0xe2d build/stm32f1xx_hal_cortex.o
 .debug_info    0x0000000000008cc6      0x8bb build/stm32f1xx_hal_dma.o
 .debug_info    0x0000000000009581      0x6d7 build/stm32f1xx_hal_gpio.o
 .debug_info    0x0000000000009c58      0xaec build/stm32f1xx_hal_rcc.o
 .debug_info    0x000000000000a744      0x479 build/stm32f1xx_hal_rcc_ex.o
 .debug_info    0x000000000000abbd     0x1e12 build/stm32f1xx_hal_uart.o
 .debug_info    0x000000000000c9cf       0x22 build/startup_stm32f103xb.o

.debug_abbrev   0x0000000000000000     0x2738
 .debug_abbrev  0x0000000000000000      0x186 build/Detector.o
 .debug_abbrev  0x0000000000000186      0x2a3 build/FindX.o
 .debug_abbrev  0x0000000000000429      0x148 build/StatPM.o
 .debug_abbrev  0x0000000000000571      0x341 build/stat.o
 .debug_abbrev  0x00000000000008b2      0x157 build/NOS_ModBus.o
 .debug_abbrev  0x0000000000000a09      0x332 build/main.o
 .debug_abbrev  0x0000000000000d3b      0x1d0 build/stm32f1xx_hal_msp.o
 .debug_abbrev  0x0000000000000f0b      0x168 build/stm32f1xx_it.o
 .debug_abbrev  0x0000000000001073      0x140 build/system_stm32f1xx.o
 .debug_abbrev  0x00000000000011b3      0x1f7 build/stm32f1xx_hal.o
 .debug_abbrev  0x00000000000013aa      0x239 build/stm32f1xx_hal_adc.o
 .debug_abbrev  0x00000000000015e3      0x26a build/stm32f1xx_hal_adc_ex.o
 .debug_abbrev  0x000000000000184d      0x359 build/stm32f1xx_hal_cortex.o
 .debug_abbrev  0x0000000000001ba6      0x244 build/stm32f1xx_hal_dma.o
 .debug_abbrev  0x0000000000001dea      0x222 build/stm32f1xx_hal_gpio.o
 .debug_abbrev  0x000000000000200c      0x29a build/stm32f1xx_hal_rcc.o
 .debug_abbrev  0x00000000000022a6      0x1d5 build/stm32f1xx_hal_rcc_ex.o
 .debug_abbrev  0x000000000000247b      0x2ab build/stm32f1xx_hal_uart.o
 .debug_abbrev  0x0000000000002726       0x12 build/startup_stm32f103xb.o

.debug_loc      0x0000000000000000     0x7cdb
 .debug_loc     0x0000000000000000      0x137 build/Detector.o
 .debug_loc     0x0000000000000137      0x5c7 build/FindX.o
 .debug_loc     0x00000000000006fe      0x1b8 build/StatPM.o
 .debug_loc     0x00000000000008b6      0x874 build/stat.o
 .debug_loc     0x000000000000112a      0x2fd build/NOS_ModBus.o
 .debug_loc     0x0000000000001427      0x261 build/main.o
 .debug_loc     0x0000000000001688      0x24b build/stm32f1xx_hal_msp.o
 .debug_loc     0x00000000000018d3       0x60 build/stm32f1xx_it.o
 .debug_loc     0x0000000000001933       0xff build/system_stm32f1xx.o
 .debug_loc     0x0000000000001a32      0x1e1 build/stm32f1xx_hal.o
 .debug_loc     0x0000000000001c13      0xdf1 build/stm32f1xx_hal_adc.o
 .debug_loc     0x0000000000002a04      0xa59 build/stm32f1xx_hal_adc_ex.o
 .debug_loc     0x000000000000345d      0x77f build/stm32f1xx_hal_cortex.o
 .debug_loc     0x0000000000003bdc      0x901 build/stm32f1xx_hal_dma.o
 .debug_loc     0x00000000000044dd      0x551 build/stm32f1xx_hal_gpio.o
 .debug_loc     0x0000000000004a2e      0x7ee build/stm32f1xx_hal_rcc.o
 .debug_loc     0x000000000000521c      0x444 build/stm32f1xx_hal_rcc_ex.o
 .debug_loc     0x0000000000005660     0x267b build/stm32f1xx_hal_uart.o

.debug_aranges  0x0000000000000000      0x990
 .debug_aranges
                0x0000000000000000       0x38 build/Detector.o
 .debug_aranges
                0x0000000000000038       0x68 build/FindX.o
 .debug_aranges
                0x00000000000000a0       0x40 build/StatPM.o
 .debug_aranges
                0x00000000000000e0       0x70 build/stat.o
 .debug_aranges
                0x0000000000000150       0x50 build/NOS_ModBus.o
 .debug_aranges
                0x00000000000001a0       0x78 build/main.o
 .debug_aranges
                0x0000000000000218       0x40 build/stm32f1xx_hal_msp.o
 .debug_aranges
                0x0000000000000258       0x70 build/stm32f1xx_it.o
 .debug_aranges
                0x00000000000002c8       0x28 build/system_stm32f1xx.o
 .debug_aranges
                0x00000000000002f0       0xe0 build/stm32f1xx_hal.o
 .debug_aranges
                0x00000000000003d0       0xf0 build/stm32f1xx_hal_adc.o
 .debug_aranges
                0x00000000000004c0       0x80 build/stm32f1xx_hal_adc_ex.o
 .debug_aranges
                0x0000000000000540       0x90 build/stm32f1xx_hal_cortex.o
 .debug_aranges
                0x00000000000005d0       0x80 build/stm32f1xx_hal_dma.o
 .debug_aranges
                0x0000000000000650       0x58 build/stm32f1xx_hal_gpio.o
 .debug_aranges
                0x00000000000006a8       0x90 build/stm32f1xx_hal_rcc.o
 .debug_aranges
                0x0000000000000738       0x30 build/stm32f1xx_hal_rcc_ex.o
 .debug_aranges
                0x0000000000000768      0x200 build/stm32f1xx_hal_uart.o
 .debug_aranges
                0x0000000000000968       0x28 build/startup_stm32f103xb.o

.debug_ranges   0x0000000000000000      0x960
 .debug_ranges  0x0000000000000000       0x28 build/Detector.o
 .debug_ranges  0x0000000000000028       0x58 build/FindX.o
 .debug_ranges  0x0000000000000080       0x30 build/StatPM.o
 .debug_ranges  0x00000000000000b0       0xa8 build/stat.o
 .debug_ranges  0x0000000000000158       0x40 build/NOS_ModBus.o
 .debug_ranges  0x0000000000000198       0x80 build/main.o
 .debug_ranges  0x0000000000000218       0x30 build/stm32f1xx_hal_msp.o
 .debug_ranges  0x0000000000000248       0x60 build/stm32f1xx_it.o
 .debug_ranges  0x00000000000002a8       0x18 build/system_stm32f1xx.o
 .debug_ranges  0x00000000000002c0       0xd0 build/stm32f1xx_hal.o
 .debug_ranges  0x0000000000000390       0xe0 build/stm32f1xx_hal_adc.o
 .debug_ranges  0x0000000000000470       0x70 build/stm32f1xx_hal_adc_ex.o
 .debug_ranges  0x00000000000004e0       0xe0 build/stm32f1xx_hal_cortex.o
 .debug_ranges  0x00000000000005c0       0x70 build/stm32f1xx_hal_dma.o
 .debug_ranges  0x0000000000000630       0x48 build/stm32f1xx_hal_gpio.o
 .debug_ranges  0x0000000000000678       0xa0 build/stm32f1xx_hal_rcc.o
 .debug_ranges  0x0000000000000718       0x38 build/stm32f1xx_hal_rcc_ex.o
 .debug_ranges  0x0000000000000750      0x1f0 build/stm32f1xx_hal_uart.o
 .debug_ranges  0x0000000000000940       0x20 build/startup_stm32f103xb.o

.debug_line     0x0000000000000000     0x9b18
 .debug_line    0x0000000000000000      0x2e9 build/Detector.o
 .debug_line    0x00000000000002e9      0x6c0 build/FindX.o
 .debug_line    0x00000000000009a9      0x2d5 build/StatPM.o
 .debug_line    0x0000000000000c7e      0x81d build/stat.o
 .debug_line    0x000000000000149b      0x48f build/NOS_ModBus.o
 .debug_line    0x000000000000192a      0xa4a build/main.o
 .debug_line    0x0000000000002374      0x43f build/stm32f1xx_hal_msp.o
 .debug_line    0x00000000000027b3      0x39e build/stm32f1xx_it.o
 .debug_line    0x0000000000002b51      0x2cc build/system_stm32f1xx.o
 .debug_line    0x0000000000002e1d      0x5b4 build/stm32f1xx_hal.o
 .debug_line    0x00000000000033d1      0xf72 build/stm32f1xx_hal_adc.o
 .debug_line    0x0000000000004343      0xc48 build/stm32f1xx_hal_adc_ex.o
 .debug_line    0x0000000000004f8b      0x6bf build/stm32f1xx_hal_cortex.o
 .debug_line    0x000000000000564a      0xad9 build/stm32f1xx_hal_dma.o
 .debug_line    0x0000000000006123      0x669 build/stm32f1xx_hal_gpio.o
 .debug_line    0x000000000000678c      0xcb2 build/stm32f1xx_hal_rcc.o
 .debug_line    0x000000000000743e      0x524 build/stm32f1xx_hal_rcc_ex.o
 .debug_line    0x0000000000007962     0x2141 build/stm32f1xx_hal_uart.o
 .debug_line    0x0000000000009aa3       0x75 build/startup_stm32f103xb.o

.debug_str      0x0000000000000000     0x3050
 .debug_str     0x0000000000000000      0x326 build/Detector.o
                                        0x383 (size before relaxing)
 .debug_str     0x0000000000000326      0x1e2 build/FindX.o
                                        0x3a4 (size before relaxing)
 .debug_str     0x0000000000000508       0xf8 build/StatPM.o
                                        0x319 (size before relaxing)
 .debug_str     0x0000000000000600      0x18e build/stat.o
                                        0x44b (size before relaxing)
 .debug_str     0x000000000000078e      0x1ee build/NOS_ModBus.o
                                        0x383 (size before relaxing)
 .debug_str     0x000000000000097c      0xd0d build/main.o